Component: ARM Compiler 5.05 update 1 (build 106) Tool: armlink [4d0efa]

==============================================================================

Section Cross References

    startup_stm32f103xb.o(STACK) refers (Special) to heapauxi.o(.text) for __use_two_region_memory
    startup_stm32f103xb.o(HEAP) refers (Special) to heapauxi.o(.text) for __use_two_region_memory
    startup_stm32f103xb.o(RESET) refers (Special) to heapauxi.o(.text) for __use_two_region_memory
    startup_stm32f103xb.o(RESET) refers to startup_stm32f103xb.o(STACK) for __initial_sp
    startup_stm32f103xb.o(RESET) refers to startup_stm32f103xb.o(.text) for Reset_Handler
    startup_stm32f103xb.o(RESET) refers to stm32f1xx_it.o(i.NMI_Handler) for NMI_Handler
    startup_stm32f103xb.o(RESET) refers to stm32f1xx_it.o(i.HardFault_Handler) for HardFault_Handler
    startup_stm32f103xb.o(RESET) refers to stm32f1xx_it.o(i.MemManage_Handler) for MemManage_Handler
    startup_stm32f103xb.o(RESET) refers to stm32f1xx_it.o(i.BusFault_Handler) for BusFault_Handler
    startup_stm32f103xb.o(RESET) refers to stm32f1xx_it.o(i.UsageFault_Handler) for UsageFault_Handler
    startup_stm32f103xb.o(RESET) refers to stm32f1xx_it.o(i.SVC_Handler) for SVC_Handler
    startup_stm32f103xb.o(RESET) refers to stm32f1xx_it.o(i.DebugMon_Handler) for DebugMon_Handler
    startup_stm32f103xb.o(RESET) refers to stm32f1xx_it.o(i.PendSV_Handler) for PendSV_Handler
    startup_stm32f103xb.o(RESET) refers to stm32f1xx_it.o(i.SysTick_Handler) for SysTick_Handler
    startup_stm32f103xb.o(RESET) refers to stm32f1xx_it.o(i.DMA1_Channel1_IRQHandler) for DMA1_Channel1_IRQHandler
    startup_stm32f103xb.o(RESET) refers to stm32f1xx_it.o(i.USB_HP_CAN1_TX_IRQHandler) for USB_HP_CAN1_TX_IRQHandler
    startup_stm32f103xb.o(RESET) refers to stm32f1xx_it.o(i.USB_LP_CAN1_RX0_IRQHandler) for USB_LP_CAN1_RX0_IRQHandler
    startup_stm32f103xb.o(.text) refers (Special) to heapauxi.o(.text) for __use_two_region_memory
    startup_stm32f103xb.o(.text) refers to system_stm32f1xx.o(i.SystemInit) for SystemInit
    startup_stm32f103xb.o(.text) refers to __main.o(!!!main) for __main
    startup_stm32f103xb.o(.text) refers to startup_stm32f103xb.o(HEAP) for Heap_Mem
    startup_stm32f103xb.o(.text) refers to startup_stm32f103xb.o(STACK) for Stack_Mem
    main.o(i.MX_ADC1_Init) refers to stm32f1xx_hal_adc.o(i.HAL_ADC_Init) for HAL_ADC_Init
    main.o(i.MX_ADC1_Init) refers to main.o(i.Error_Handler) for Error_Handler
    main.o(i.MX_ADC1_Init) refers to stm32f1xx_hal_adc.o(i.HAL_ADC_ConfigChannel) for HAL_ADC_ConfigChannel
    main.o(i.MX_ADC1_Init) refers to main.o(.bss) for hadc1
    main.o(i.MX_DMA_Init) refers to stm32f1xx_hal_cortex.o(i.HAL_NVIC_SetPriority) for HAL_NVIC_SetPriority
    main.o(i.MX_DMA_Init) refers to stm32f1xx_hal_cortex.o(i.HAL_NVIC_EnableIRQ) for HAL_NVIC_EnableIRQ
    main.o(i.MX_GPIO_Init) refers to stm32f1xx_hal_gpio.o(i.HAL_GPIO_WritePin) for HAL_GPIO_WritePin
    main.o(i.MX_GPIO_Init) refers to stm32f1xx_hal_gpio.o(i.HAL_GPIO_Init) for HAL_GPIO_Init
    main.o(i.ReadDejitteredKeyStat) refers to main.o(i.ReadKeyStatus) for ReadKeyStatus
    main.o(i.ReadDejitteredKeyStat) refers to main.o(.data) for newKeyStat
    main.o(i.ReadKeyStatus) refers to stm32f1xx_hal_gpio.o(i.HAL_GPIO_ReadPin) for HAL_GPIO_ReadPin
    main.o(i.ReadKeyStatus) refers to stm32f1xx_hal_adc.o(i.HAL_ADC_Start_DMA) for HAL_ADC_Start_DMA
    main.o(i.ReadKeyStatus) refers to stm32f1xx_hal_adc.o(i.HAL_ADC_PollForConversion) for HAL_ADC_PollForConversion
    main.o(i.ReadKeyStatus) refers to main.o(.bss) for hadc1
    main.o(i.SystemClock_Config) refers to rt_memclr_w.o(.text) for __aeabi_memclr4
    main.o(i.SystemClock_Config) refers to stm32f1xx_hal_rcc.o(i.HAL_RCC_OscConfig) for HAL_RCC_OscConfig
    main.o(i.SystemClock_Config) refers to main.o(i.Error_Handler) for Error_Handler
    main.o(i.SystemClock_Config) refers to stm32f1xx_hal_rcc.o(i.HAL_RCC_ClockConfig) for HAL_RCC_ClockConfig
    main.o(i.SystemClock_Config) refers to stm32f1xx_hal_rcc_ex.o(i.HAL_RCCEx_PeriphCLKConfig) for HAL_RCCEx_PeriphCLKConfig
    main.o(i.WriteKeyStat) refers to stm32f1xx_hal_gpio.o(i.HAL_GPIO_WritePin) for HAL_GPIO_WritePin
    main.o(i.main) refers to stm32f1xx_hal.o(i.HAL_Init) for HAL_Init
    main.o(i.main) refers to main.o(i.SystemClock_Config) for SystemClock_Config
    main.o(i.main) refers to main.o(i.MX_GPIO_Init) for MX_GPIO_Init
    main.o(i.main) refers to main.o(i.MX_DMA_Init) for MX_DMA_Init
    main.o(i.main) refers to usb_device.o(i.MX_USB_DEVICE_Init) for MX_USB_DEVICE_Init
    main.o(i.main) refers to main.o(i.MX_ADC1_Init) for MX_ADC1_Init
    main.o(i.main) refers to stm32f1xx_hal_gpio.o(i.HAL_GPIO_WritePin) for HAL_GPIO_WritePin
    main.o(i.main) refers to stm32f1xx_hal_gpio.o(i.HAL_GPIO_Init) for HAL_GPIO_Init
    main.o(i.main) refers to stm32f1xx_hal.o(i.HAL_GetTick) for HAL_GetTick
    main.o(i.main) refers to main.o(i.ReadDejitteredKeyStat) for ReadDejitteredKeyStat
[...]
    .ARM.Collect$$rtentry$$0000000D          0x080001b2   Section        8  __rtentry2.o(.ARM.Collect$$rtentry$$0000000D)
    .ARM.Collect$$rtexit$$00000000           0x080001ba   Section        2  rtexit.o(.ARM.Collect$$rtexit$$00000000)
    .ARM.Collect$$rtexit$$00000002           0x080001bc   Section        0  rtexit2.o(.ARM.Collect$$rtexit$$00000002)
    .ARM.Collect$$rtexit$$00000003           0x080001bc   Section        4  rtexit2.o(.ARM.Collect$$rtexit$$00000003)
    .ARM.Collect$$rtexit$$00000004           0x080001c0   Section        6  rtexit2.o(.ARM.Collect$$rtexit$$00000004)
    .text                                    0x080001c8   Section       64  startup_stm32f103xb.o(.text)
    .text                                    0x08000208   Section      100  rt_memcpy_w.o(.text)
    .text                                    0x0800026c   Section       78  rt_memclr_w.o(.text)
    .text                                    0x080002ba   Section        0  heapauxi.o(.text)
    .text                                    0x080002c0   Section       74  sys_stackheap_outer.o(.text)
    .text                                    0x0800030a   Section        0  exit.o(.text)
    .text                                    0x08000318   Section        8  libspace.o(.text)
    .text                                    0x08000320   Section        0  sys_exit.o(.text)
    .text                                    0x0800032c   Section        2  use_no_semi.o(.text)
    .text                                    0x0800032e   Section        0  indicate_semi.o(.text)
    i.ADC_ConversionStop_Disable             0x0800032e   Section        0  stm32f1xx_hal_adc.o(i.ADC_ConversionStop_Disable)
    i.ADC_DMAConvCplt                        0x0800038a   Section        0  stm32f1xx_hal_adc.o(i.ADC_DMAConvCplt)
    i.ADC_DMAError                           0x080003dc   Section        0  stm32f1xx_hal_adc.o(i.ADC_DMAError)
    i.ADC_DMAHalfConvCplt                    0x080003fa   Section        0  stm32f1xx_hal_adc.o(i.ADC_DMAHalfConvCplt)
    i.ADC_Enable                             0x08000408   Section        0  stm32f1xx_hal_adc.o(i.ADC_Enable)
    i.BusFault_Handler                       0x08000498   Section        0  stm32f1xx_it.o(i.BusFault_Handler)
    i.CDC_Control_FS                         0x0800049c   Section        0  usbd_cdc_if.o(i.CDC_Control_FS)
    CDC_Control_FS                           0x0800049d   Thumb Code     8  usbd_cdc_if.o(i.CDC_Control_FS)
    i.CDC_DeInit_FS                          0x080004a4   Section        0  usbd_cdc_if.o(i.CDC_DeInit_FS)
    CDC_DeInit_FS                            0x080004a5   Thumb Code     4  usbd_cdc_if.o(i.CDC_DeInit_FS)
    i.CDC_Init_FS                            0x080004a8   Section        0  usbd_cdc_if.o(i.CDC_Init_FS)
    CDC_Init_FS                              0x080004a9   Thumb Code    24  usbd_cdc_if.o(i.CDC_Init_FS)
    i.CDC_Receive_FS                         0x080004cc   Section        0  usbd_cdc_if.o(i.CDC_Receive_FS)
    CDC_Receive_FS                           0x080004cd   Thumb Code    20  usbd_cdc_if.o(i.CDC_Receive_FS)
    i.CDC_Transmit_FS                        0x080004e4   Section        0  usbd_cdc_if.o(i.CDC_Transmit_FS)
    i.DMA1_Channel1_IRQHandler               0x08000510   Section        0  stm32f1xx_it.o(i.DMA1_Channel1_IRQHandler)
    i.DMA_SetConfig                          0x08000520   Section        0  stm32f1xx_hal_dma.o(i.DMA_SetConfig)
    DMA_SetConfig                            0x08000521   Thumb Code    44  stm32f1xx_hal_dma.o(i.DMA_SetConfig)
    i.DebugMon_Handler                       0x0800054c   Section        0  stm32f1xx_it.o(i.DebugMon_Handler)
    i.Error_Handler                          0x0800054e   Section        0  main.o(i.Error_Handler)
    i.Get_SerialNum                          0x08000554   Section        0  usbd_desc.o(i.Get_SerialNum)
    Get_SerialNum                            0x08000555   Thumb Code    48  usbd_desc.o(i.Get_SerialNum)
    i.HAL_ADC_ConfigChannel                  0x0800058c   Section        0  stm32f1xx_hal_adc.o(i.HAL_ADC_ConfigChannel)
    i.HAL_ADC_ConvCpltCallback               0x080006ec   Section        0  stm32f1xx_hal_adc.o(i.HAL_ADC_ConvCpltCallback)
    i.HAL_ADC_ConvHalfCpltCallback           0x080006ee   Section        0  stm32f1xx_hal_adc.o(i.HAL_ADC_ConvHalfCpltCallback)
    i.HAL_ADC_ErrorCallback                  0x080006f0   Section        0  stm32f1xx_hal_adc.o(i.HAL_ADC_ErrorCallback)
    i.HAL_ADC_Init                           0x080006f4   Section        0  stm32f1xx_hal_adc.o(i.HAL_ADC_Init)
    i.HAL_ADC_MspInit                        0x08000838   Section        0  stm32f1xx_hal_msp.o(i.HAL_ADC_MspInit)
    i.HAL_ADC_PollForConversion              0x080008e4   Section        0  stm32f1xx_hal_adc.o(i.HAL_ADC_PollForConversion)
    i.HAL_ADC_Start_DMA                      0x08000a64   Section        0  stm32f1xx_hal_adc.o(i.HAL_ADC_Start_DMA)
    i.HAL_DMA_IRQHandler                     0x08000be4   Section        0  stm32f1xx_hal_dma.o(i.HAL_DMA_IRQHandler)
    i.HAL_DMA_Init                           0x08000d80   Section        0  stm32f1xx_hal_dma.o(i.HAL_DMA_Init)
    i.HAL_DMA_Start_IT                       0x08000de8   Section        0  stm32f1xx_hal_dma.o(i.HAL_DMA_Start_IT)
    i.HAL_GPIO_Init                          0x08000e84   Section        0  stm32f1xx_hal_gpio.o(i.HAL_GPIO_Init)
    i.HAL_GPIO_ReadPin                       0x080011a4   Section        0  stm32f1xx_hal_gpio.o(i.HAL_GPIO_ReadPin)
    i.HAL_GPIO_WritePin                      0x080011b4   Section        0  stm32f1xx_hal_gpio.o(i.HAL_GPIO_WritePin)
    i.HAL_GetTick                            0x080011c0   Section        0  stm32f1xx_hal.o(i.HAL_GetTick)
    i.HAL_IncTick                            0x080011cc   Section        0  stm32f1xx_hal.o(i.HAL_IncTick)
    i.HAL_Init                               0x080011e4   Section        0  stm32f1xx_hal.o(i.HAL_Init)
    i.HAL_InitTick                           0x0800120c   Section        0  stm32f1xx_hal.o(i.HAL_InitTick)
    i.HAL_MspInit                            0x08001258   Section        0  stm32f1xx_hal_msp.o(i.HAL_MspInit)
    i.HAL_NVIC_EnableIRQ                     0x080012ac   Section        0  stm32f1xx_hal_cortex.o(i.HAL_NVIC_EnableIRQ)
    i.HAL_NVIC_SetPriority                   0x080012cc   Section        0  stm32f1xx_hal_cortex.o(i.HAL_NVIC_SetPriority)
    i.HAL_NVIC_SetPriorityGrouping           0x08001348   Section        0  stm32f1xx_hal_cortex.o(i.HAL_NVIC_SetPriorityGrouping)
    i.HAL_PCDEx_PMAConfig                    0x08001370   Section        0  stm32f1xx_hal_pcd_ex.o(i.HAL_PCDEx_PMAConfig)
    i.HAL_PCDEx_SetConnectionState           0x080013b4   Section        0  usbd_conf.o(i.HAL_PCDEx_SetConnectionState)
    i.HAL_PCD_DataInStageCallback            0x080013b6   Section        0  usbd_conf.o(i.HAL_PCD_DataInStageCallback)
    i.HAL_PCD_DataOutStageCallback           0x080013c8   Section        0  usbd_conf.o(i.HAL_PCD_DataOutStageCallback)
    i.HAL_PCD_EP_Close                       0x080013dc   Section        0  stm32f1xx_hal_pcd.o(i.HAL_PCD_EP_Close)
    i.HAL_PCD_EP_ClrStall                    0x08001446   Section        0  stm32f1xx_hal_pcd.o(i.HAL_PCD_EP_ClrStall)
    i.HAL_PCD_EP_DB_Receive                  0x080014c2   Section        0  stm32f1xx_hal_pcd.o(i.HAL_PCD_EP_DB_Receive)
    HAL_PCD_EP_DB_Receive                    0x080014c3   Thumb Code   344  stm32f1xx_hal_pcd.o(i.HAL_PCD_EP_DB_Receive)
    i.HAL_PCD_EP_DB_Transmit                 0x0800161a   Section        0  stm32f1xx_hal_pcd.o(i.HAL_PCD_EP_DB_Transmit)
    HAL_PCD_EP_DB_Transmit                   0x0800161b   Thumb Code  1342  stm32f1xx_hal_pcd.o(i.HAL_PCD_EP_DB_Transmit)
    i.HAL_PCD_EP_GetRxCount                  0x08001b58   Section        0  stm32f1xx_hal_pcd.o(i.HAL_PCD_EP_GetRxCount)
    i.HAL_PCD_EP_Open                        0x08001b6e   Section        0  stm32f1xx_hal_pcd.o(i.HAL_PCD_EP_Open)
    i.HAL_PCD_EP_Receive                     0x08001bf2   Section        0  stm32f1xx_hal_pcd.o(i.HAL_PCD_EP_Receive)
    i.HAL_PCD_EP_SetStall                    0x08001c2e   Section        0  stm32f1xx_hal_pcd.o(i.HAL_PCD_EP_SetStall)
    i.HAL_PCD_EP_Transmit                    0x08001cb6   Section        0  stm32f1xx_hal_pcd.o(i.HAL_PCD_EP_Transmit)
    i.HAL_PCD_IRQHandler                     0x08001cfc   Section        0  stm32f1xx_hal_pcd.o(i.HAL_PCD_IRQHandler)
    i.HAL_PCD_Init                           0x08001ec8   Section        0  stm32f1xx_hal_pcd.o(i.HAL_PCD_Init)
    i.HAL_PCD_MspInit                        0x08002014   Section        0  usbd_conf.o(i.HAL_PCD_MspInit)
    i.HAL_PCD_ResetCallback                  0x08002060   Section        0  usbd_conf.o(i.HAL_PCD_ResetCallback)
    i.HAL_PCD_ResumeCallback                 0x08002086   Section        0  usbd_conf.o(i.HAL_PCD_ResumeCallback)
    i.HAL_PCD_SOFCallback                    0x0800208e   Section        0  usbd_conf.o(i.HAL_PCD_SOFCallback)
    i.HAL_PCD_SetAddress                     0x08002096   Section        0  stm32f1xx_hal_pcd.o(i.HAL_PCD_SetAddress)
    i.HAL_PCD_SetupStageCallback             0x080020cc   Section        0  usbd_conf.o(i.HAL_PCD_SetupStageCallback)
    i.HAL_PCD_Start                          0x080020da   Section        0  stm32f1xx_hal_pcd.o(i.HAL_PCD_Start)
    i.HAL_PCD_SuspendCallback                0x08002118   Section        0  usbd_conf.o(i.HAL_PCD_SuspendCallback)
    i.HAL_RCCEx_GetPeriphCLKFreq             0x0800213c   Section        0  stm32f1xx_hal_rcc_ex.o(i.HAL_RCCEx_GetPeriphCLKFreq)
    i.HAL_RCCEx_PeriphCLKConfig              0x0800223c   Section        0  stm32f1xx_hal_rcc_ex.o(i.HAL_RCCEx_PeriphCLKConfig)
    i.HAL_RCC_ClockConfig                    0x0800236c   Section        0  stm32f1xx_hal_rcc.o(i.HAL_RCC_ClockConfig)
    i.HAL_RCC_GetHCLKFreq                    0x080024f8   Section        0  stm32f1xx_hal_rcc.o(i.HAL_RCC_GetHCLKFreq)
    i.HAL_RCC_GetPCLK2Freq                   0x08002504   Section        0  stm32f1xx_hal_rcc.o(i.HAL_RCC_GetPCLK2Freq)
    i.HAL_RCC_GetSysClockFreq                0x08002524   Section        0  stm32f1xx_hal_rcc.o(i.HAL_RCC_GetSysClockFreq)
    i.HAL_RCC_OscConfig                      0x08002598   Section        0  stm32f1xx_hal_rcc.o(i.HAL_RCC_OscConfig)
    i.HAL_SYSTICK_Config                     0x080029fc   Section        0  stm32f1xx_hal_cortex.o(i.HAL_SYSTICK_Config)
    i.HardFault_Handler                      0x08002a30   Section        0  stm32f1xx_it.o(i.HardFault_Handler)
    i.IntToUnicode                           0x08002a34   Section        0  usbd_desc.o(i.IntToUnicode)
    IntToUnicode                             0x08002a35   Thumb Code    62  usbd_desc.o(i.IntToUnicode)
    i.MX_ADC1_Init                           0x08002a74   Section        0  main.o(i.MX_ADC1_Init)
    MX_ADC1_Init                             0x08002a75   Thumb Code   150  main.o(i.MX_ADC1_Init)
    i.MX_DMA_Init                            0x08002b14   Section        0  main.o(i.MX_DMA_Init)
    MX_DMA_Init                              0x08002b15   Thumb Code    48  main.o(i.MX_DMA_Init)
    i.MX_GPIO_Init                           0x08002b48   Section        0  main.o(i.MX_GPIO_Init)
    MX_GPIO_Init                             0x08002b49   Thumb Code   274  main.o(i.MX_GPIO_Init)
    i.MX_USB_DEVICE_Init                     0x08002c6c   Section        0  usb_device.o(i.MX_USB_DEVICE_Init)
    i.MemManage_Handler                      0x08002cc0   Section        0  stm32f1xx_it.o(i.MemManage_Handler)
    i.NMI_Handler                            0x08002cc4   Section        0  stm32f1xx_it.o(i.NMI_Handler)
    i.PCD_EP_ISR_Handler                     0x08002cc8   Section        0  stm32f1xx_hal_pcd.o(i.PCD_EP_ISR_Handler)
    PCD_EP_ISR_Handler                       0x08002cc9   Thumb Code  1266  stm32f1xx_hal_pcd.o(i.PCD_EP_ISR_Handler)
    i.PendSV_Handler                         0x080031ba   Section        0  stm32f1xx_it.o(i.PendSV_Handler)
    i.RCC_Delay                              0x080031bc   Section        0  stm32f1xx_hal_rcc.o(i.RCC_Delay)
    RCC_Delay                                0x080031bd   Thumb Code    36  stm32f1xx_hal_rcc.o(i.RCC_Delay)
    i.ReadDejitteredKeyStat                  0x080031e4   Section        0  main.o(i.ReadDejitteredKeyStat)
    i.ReadKeyStatus                          0x08003264   Section        0  main.o(i.ReadKeyStatus)
    i.SVC_Handler                            0x080033a0   Section        0  stm32f1xx_it.o(i.SVC_Handler)
    i.SysTick_Handler                        0x080033a2   Section        0  stm32f1xx_it.o(i.SysTick_Handler)
    i.SystemClock_Config                     0x080033aa   Section        0  main.o(i.SystemClock_Config)
    i.SystemInit                             0x08003432   Section        0  system_stm32f1xx.o(i.SystemInit)
    i.USBD_CDC_DataIn                        0x08003434   Section        0  usbd_cdc.o(i.USBD_CDC_DataIn)
    USBD_CDC_DataIn                          0x08003435   Thumb Code    74  usbd_cdc.o(i.USBD_CDC_DataIn)
    i.USBD_CDC_DataOut                       0x0800347e   Section        0  usbd_cdc.o(i.USBD_CDC_DataOut)
    USBD_CDC_DataOut                         0x0800347f   Thumb Code    48  usbd_cdc.o(i.USBD_CDC_DataOut)
    i.USBD_CDC_DeInit                        0x080034ae   Section        0  usbd_cdc.o(i.USBD_CDC_DeInit)
    USBD_CDC_DeInit                          0x080034af   Thumb Code    70  usbd_cdc.o(i.USBD_CDC_DeInit)
    i.USBD_CDC_EP0_RxReady                   0x080034f4   Section        0  usbd_cdc.o(i.USBD_CDC_EP0_RxReady)
    USBD_CDC_EP0_RxReady                     0x080034f5   Thumb Code    42  usbd_cdc.o(i.USBD_CDC_EP0_RxReady)
    i.USBD_CDC_GetDeviceQualifierDescriptor  0x08003520   Section        0  usbd_cdc.o(i.USBD_CDC_GetDeviceQualifierDescriptor)
    i.USBD_CDC_GetFSCfgDesc                  0x0800352c   Section        0  usbd_cdc.o(i.USBD_CDC_GetFSCfgDesc)
    USBD_CDC_GetFSCfgDesc                    0x0800352d   Thumb Code     8  usbd_cdc.o(i.USBD_CDC_GetFSCfgDesc)
    i.USBD_CDC_GetHSCfgDesc                  0x08003538   Section        0  usbd_cdc.o(i.USBD_CDC_GetHSCfgDesc)
    USBD_CDC_GetHSCfgDesc                    0x08003539   Thumb Code     8  usbd_cdc.o(i.USBD_CDC_GetHSCfgDesc)
    i.USBD_CDC_GetOtherSpeedCfgDesc          0x08003544   Section        0  usbd_cdc.o(i.USBD_CDC_GetOtherSpeedCfgDesc)
    USBD_CDC_GetOtherSpeedCfgDesc            0x08003545   Thumb Code     8  usbd_cdc.o(i.USBD_CDC_GetOtherSpeedCfgDesc)
    i.USBD_CDC_Init                          0x08003550   Section        0  usbd_cdc.o(i.USBD_CDC_Init)
    USBD_CDC_Init                            0x08003551   Thumb Code   172  usbd_cdc.o(i.USBD_CDC_Init)
    i.USBD_CDC_ReceivePacket                 0x080035fc   Section        0  usbd_cdc.o(i.USBD_CDC_ReceivePacket)
    i.USBD_CDC_RegisterInterface             0x0800362e   Section        0  usbd_cdc.o(i.USBD_CDC_RegisterInterface)
    i.USBD_CDC_SetRxBuffer                   0x0800363e   Section        0  usbd_cdc.o(i.USBD_CDC_SetRxBuffer)
    i.USBD_CDC_SetTxBuffer                   0x0800364a   Section        0  usbd_cdc.o(i.USBD_CDC_SetTxBuffer)
    i.USBD_CDC_Setup                         0x0800365a   Section        0  usbd_cdc.o(i.USBD_CDC_Setup)
    USBD_CDC_Setup                           0x0800365b   Thumb Code   230  usbd_cdc.o(i.USBD_CDC_Setup)
    i.USBD_CDC_TransmitPacket                0x08003740   Section        0  usbd_cdc.o(i.USBD_CDC_TransmitPacket)
    i.USBD_ClrClassConfig                    0x08003778   Section        0  usbd_core.o(i.USBD_ClrClassConfig)
    i.USBD_ClrFeature                        0x08003786   Section        0  usbd_ctlreq.o(i.USBD_ClrFeature)
    USBD_ClrFeature                          0x08003787   Thumb Code    38  usbd_ctlreq.o(i.USBD_ClrFeature)
    i.USBD_CtlContinueRx                     0x080037ac   Section        0  usbd_ioreq.o(i.USBD_CtlContinueRx)
    i.USBD_CtlContinueSendData               0x080037bc   Section        0  usbd_ioreq.o(i.USBD_CtlContinueSendData)
    i.USBD_CtlError                          0x080037cc   Section        0  usbd_ctlreq.o(i.USBD_CtlError)
    i.USBD_CtlPrepareRx                      0x080037e4   Section        0  usbd_ioreq.o(i.USBD_CtlPrepareRx)
    i.USBD_CtlReceiveStatus                  0x08003802   Section        0  usbd_ioreq.o(i.USBD_CtlReceiveStatus)
    i.USBD_CtlSendData                       0x08003818   Section        0  usbd_ioreq.o(i.USBD_CtlSendData)
    i.USBD_CtlSendStatus                     0x08003832   Section        0  usbd_ioreq.o(i.USBD_CtlSendStatus)
    i.USBD_FS_ConfigStrDescriptor            0x08003848   Section        0  usbd_desc.o(i.USBD_FS_ConfigStrDescriptor)
    i.USBD_FS_DeviceDescriptor               0x08003878   Section        0  usbd_desc.o(i.USBD_FS_DeviceDescriptor)
    i.USBD_FS_InterfaceStrDescriptor         0x08003884   Section        0  usbd_desc.o(i.USBD_FS_InterfaceStrDescriptor)
    i.USBD_FS_LangIDStrDescriptor            0x080038b8   Section        0  usbd_desc.o(i.USBD_FS_LangIDStrDescriptor)
    i.USBD_FS_ManufacturerStrDescriptor      0x080038c4   Section        0  usbd_desc.o(i.USBD_FS_ManufacturerStrDescriptor)
    i.USBD_FS_ProductStrDescriptor           0x080038ec   Section        0  usbd_desc.o(i.USBD_FS_ProductStrDescriptor)
    i.USBD_FS_SerialStrDescriptor            0x08003928   Section        0  usbd_desc.o(i.USBD_FS_SerialStrDescriptor)
    i.USBD_GetConfig                         0x0800393c   Section        0  usbd_ctlreq.o(i.USBD_GetConfig)
    USBD_GetConfig                           0x0800393d   Thumb Code    52  usbd_ctlreq.o(i.USBD_GetConfig)
    i.USBD_GetDescriptor                     0x08003970   Section        0  usbd_ctlreq.o(i.USBD_GetDescriptor)
    USBD_GetDescriptor                       0x08003971   Thumb Code   426  usbd_ctlreq.o(i.USBD_GetDescriptor)
    i.USBD_GetLen                            0x08003b1a   Section        0  usbd_ctlreq.o(i.USBD_GetLen)
    USBD_GetLen                              0x08003b1b   Thumb Code    24  usbd_ctlreq.o(i.USBD_GetLen)
    i.USBD_GetStatus                         0x08003b32   Section        0  usbd_ctlreq.o(i.USBD_GetStatus)
    USBD_GetStatus                           0x08003b33   Thumb Code    54  usbd_ctlreq.o(i.USBD_GetStatus)
    i.USBD_GetString                         0x08003b68   Section        0  usbd_ctlreq.o(i.USBD_GetString)
    i.USBD_Get_USB_Status                    0x08003bac   Section        0  usbd_conf.o(i.USBD_Get_USB_Status)
    USBD_Get_USB_Status                      0x08003bad   Thumb Code    36  usbd_conf.o(i.USBD_Get_USB_Status)
    i.USBD_Init                              0x08003bd0   Section        0  usbd_core.o(i.USBD_Init)
    i.USBD_LL_ClearStallEP                   0x08003bfc   Section        0  usbd_conf.o(i.USBD_LL_ClearStallEP)
    i.USBD_LL_CloseEP                        0x08003c0e   Section        0  usbd_conf.o(i.USBD_LL_CloseEP)
    i.USBD_LL_DataInStage                    0x08003c20   Section        0  usbd_core.o(i.USBD_LL_DataInStage)
    i.USBD_LL_DataOutStage                   0x08003cf6   Section        0  usbd_core.o(i.USBD_LL_DataOutStage)
    i.USBD_LL_GetRxDataSize                  0x08003d80   Section        0  usbd_conf.o(i.USBD_LL_GetRxDataSize)
    i.USBD_LL_Init                           0x08003d88   Section        0  usbd_conf.o(i.USBD_LL_Init)
    i.USBD_LL_IsStallEP                      0x08003e0c   Section        0  usbd_conf.o(i.USBD_LL_IsStallEP)
    i.USBD_LL_OpenEP                         0x08003e2e   Section        0  usbd_conf.o(i.USBD_LL_OpenEP)
    i.USBD_LL_PrepareReceive                 0x08003e46   Section        0  usbd_conf.o(i.USBD_LL_PrepareReceive)
    i.USBD_LL_Reset                          0x08003e58   Section        0  usbd_core.o(i.USBD_LL_Reset)
    i.USBD_LL_Resume                         0x08003eaa   Section        0  usbd_core.o(i.USBD_LL_Resume)
    i.USBD_LL_SOF                            0x08003ebe   Section        0  usbd_core.o(i.USBD_LL_SOF)
    i.USBD_LL_SetSpeed                       0x08003ed6   Section        0  usbd_core.o(i.USBD_LL_SetSpeed)
    i.USBD_LL_SetUSBAddress                  0x08003edc   Section        0  usbd_conf.o(i.USBD_LL_SetUSBAddress)
    i.USBD_LL_SetupStage                     0x08003eee   Section        0  usbd_core.o(i.USBD_LL_SetupStage)
    i.USBD_LL_StallEP                        0x08003f4c   Section        0  usbd_conf.o(i.USBD_LL_StallEP)
    i.USBD_LL_Start                          0x08003f5e   Section        0  usbd_conf.o(i.USBD_LL_Start)
    i.USBD_LL_Suspend                        0x08003f70   Section        0  usbd_core.o(i.USBD_LL_Suspend)
    i.USBD_LL_Transmit                       0x08003f82   Section        0  usbd_conf.o(i.USBD_LL_Transmit)
    i.USBD_ParseSetupRequest                 0x08003f94   Section        0  usbd_ctlreq.o(i.USBD_ParseSetupRequest)
    i.USBD_RegisterClass                     0x08003fbc   Section        0  usbd_core.o(i.USBD_RegisterClass)
    i.USBD_RunTestMode                       0x08003fce   Section        0  usbd_core.o(i.USBD_RunTestMode)
    i.USBD_SetAddress                        0x08003fd2   Section        0  usbd_ctlreq.o(i.USBD_SetAddress)
    USBD_SetAddress                          0x08003fd3   Thumb Code    88  usbd_ctlreq.o(i.USBD_SetAddress)
    i.USBD_SetClassConfig                    0x0800402a   Section        0  usbd_core.o(i.USBD_SetClassConfig)
    i.USBD_SetConfig                         0x08004044   Section        0  usbd_ctlreq.o(i.USBD_SetConfig)
    USBD_SetConfig                           0x08004045   Thumb Code   198  usbd_ctlreq.o(i.USBD_SetConfig)
    i.USBD_SetFeature                        0x08004110   Section        0  usbd_ctlreq.o(i.USBD_SetFeature)
    USBD_SetFeature                          0x08004111   Thumb Code    16  usbd_ctlreq.o(i.USBD_SetFeature)
    i.USBD_Start                             0x08004120   Section        0  usbd_core.o(i.USBD_Start)
    i.USBD_StdDevReq                         0x0800412a   Section        0  usbd_ctlreq.o(i.USBD_StdDevReq)
    i.USBD_StdEPReq                          0x080041aa   Section        0  usbd_ctlreq.o(i.USBD_StdEPReq)
    i.USBD_StdItfReq                         0x0800439a   Section        0  usbd_ctlreq.o(i.USBD_StdItfReq)
    i.USBD_static_free                       0x08004400   Section        0  usbd_conf.o(i.USBD_static_free)
    i.USBD_static_malloc                     0x08004404   Section        0  usbd_conf.o(i.USBD_static_malloc)
    i.USB_ActivateEndpoint                   0x0800440c   Section        0  stm32f1xx_ll_usb.o(i.USB_ActivateEndpoint)
    i.USB_CoreInit                           0x080048bc   Section        0  stm32f1xx_ll_usb.o(i.USB_CoreInit)
    i.USB_DeactivateEndpoint                 0x080048c4   Section        0  stm32f1xx_ll_usb.o(i.USB_DeactivateEndpoint)
    i.USB_DevConnect                         0x08004b40   Section        0  stm32f1xx_ll_usb.o(i.USB_DevConnect)
    i.USB_DevDisconnect                      0x08004b46   Section        0  stm32f1xx_ll_usb.o(i.USB_DevDisconnect)
    i.USB_DevInit                            0x08004b4c   Section        0  stm32f1xx_ll_usb.o(i.USB_DevInit)
    i.USB_DisableGlobalInt                   0x08004b62   Section        0  stm32f1xx_ll_usb.o(i.USB_DisableGlobalInt)
    i.USB_EP0_OutStart                       0x08004b76   Section        0  stm32f1xx_ll_usb.o(i.USB_EP0_OutStart)
    i.USB_EPClearStall                       0x08004b7c   Section        0  stm32f1xx_ll_usb.o(i.USB_EPClearStall)
    i.USB_EPSetStall                         0x08004c56   Section        0  stm32f1xx_ll_usb.o(i.USB_EPSetStall)
    i.USB_EPStartXfer                        0x08004cb2   Section        0  stm32f1xx_ll_usb.o(i.USB_EPStartXfer)
    i.USB_EnableGlobalInt                    0x08005702   Section        0  stm32f1xx_ll_usb.o(i.USB_EnableGlobalInt)
    i.USB_HP_CAN1_TX_IRQHandler              0x08005714   Section        0  stm32f1xx_it.o(i.USB_HP_CAN1_TX_IRQHandler)
    i.USB_LP_CAN1_RX0_IRQHandler             0x08005724   Section        0  stm32f1xx_it.o(i.USB_LP_CAN1_RX0_IRQHandler)
    i.USB_ReadInterrupts                     0x08005734   Section        0  stm32f1xx_ll_usb.o(i.USB_ReadInterrupts)
    i.USB_ReadPMA                            0x0800573c   Section        0  stm32f1xx_ll_usb.o(i.USB_ReadPMA)
    i.USB_SetCurrentMode                     0x08005786   Section        0  stm32f1xx_ll_usb.o(i.USB_SetCurrentMode)
    i.USB_SetDevAddress                      0x0800578c   Section        0  stm32f1xx_ll_usb.o(i.USB_SetDevAddress)
    i.USB_WritePMA                           0x0800579a   Section        0  stm32f1xx_ll_usb.o(i.USB_WritePMA)
    i.UsageFault_Handler                     0x080057da   Section        0  stm32f1xx_it.o(i.UsageFault_Handler)
    i.WriteKeyStat                           0x080057e0   Section        0  main.o(i.WriteKeyStat)
    i.__NVIC_GetPriorityGrouping             0x080058a8   Section        0  stm32f1xx_hal_cortex.o(i.__NVIC_GetPriorityGrouping)
    __NVIC_GetPriorityGrouping               0x080058a9   Thumb Code    10  stm32f1xx_hal_cortex.o(i.__NVIC_GetPriorityGrouping)
    i.__NVIC_SetPriority                     0x080058b8   Section        0  stm32f1xx_hal_cortex.o(i.__NVIC_SetPriority)
    __NVIC_SetPriority                       0x080058b9   Thumb Code    32  stm32f1xx_hal_cortex.o(i.__NVIC_SetPriority)
    i.main                                   0x080058e0   Section        0  main.o(i.main)
    .constdata                               0x08005bb4   Section    12304  main.o(.constdata)
    .constdata                               0x08008bc4   Section       18  stm32f1xx_hal_rcc.o(.constdata)
    aPLLMULFactorTable                       0x08008bc4   Data          16  stm32f1xx_hal_rcc.o(.constdata)
    aPredivFactorTable                       0x08008bd4   Data           2  stm32f1xx_hal_rcc.o(.constdata)
    .constdata                               0x08008bd6   Section       18  stm32f1xx_hal_rcc_ex.o(.constdata)
    aPLLMULFactorTable                       0x08008bd6   Data          16  stm32f1xx_hal_rcc_ex.o(.constdata)
    aPredivFactorTable                       0x08008be6   Data           2  stm32f1xx_hal_rcc_ex.o(.constdata)
    .constdata                               0x08008be8   Section       24  system_stm32f1xx.o(.constdata)
    .data                                    0x20000000   Section       20  main.o(.data)
    newKeyStat                               0x2000000c   Data           8  main.o(.data)
    .data                                    0x20000014   Section        9  stm32f1xx_hal.o(.data)
    .data                                    0x20000020   Section        4  system_stm32f1xx.o(.data)
    .data                                    0x20000024   Section       28  usbd_desc.o(.data)
    .data                                    0x20000040   Section       50  usbd_desc.o(.data)
    .data                                    0x20000074   Section       16  usbd_cdc_if.o(.data)
    .data                                    0x20000084   Section        1  usbd_ctlreq.o(.data)
    cfgidx                                   0x20000084   Data           1  usbd_ctlreq.o(.data)
    .data                                    0x20000088   Section      215  usbd_cdc.o(.data)
    USBD_CDC_DeviceQualifierDesc             0x20000088   Data          10  usbd_cdc.o(.data)
    .data                                    0x20000160   Section       56  usbd_cdc.o(.data)
    .bss                                     0x20000198   Section      316  main.o(.bss)
    DEBUGDATA                                0x2000020c   Data         200  main.o(.bss)
    .bss                                     0x200002d4   Section      708  usb_device.o(.bss)
    .bss                                     0x20000598   Section      512  usbd_desc.o(.bss)
    .bss                                     0x20000798   Section     2048  usbd_cdc_if.o(.bss)
    .bss                                     0x20000f98   Section     1296  usbd_conf.o(.bss)
    mem                                      0x20000f98   Data         544  usbd_conf.o(.bss)
    .bss                                     0x200014a8   Section       96  libspace.o(.bss)
    HEAP                                     0x20001508   Section      512  startup_stm32f103xb.o(HEAP)
    Heap_Mem                                 0x20001508   Data         512  startup_stm32f103xb.o(HEAP)
    STACK                                    0x20001708   Section     1024  startup_stm32f103xb.o(STACK)
    Stack_Mem                                0x20001708   Data        1024  startup_stm32f103xb.o(STACK)
    __initial_sp                             0x20001b08   Data           0  startup_stm32f103xb.o(STACK)

    Global Symbols

    Symbol Name                              Value     Ov Type        Size  Object(Section)

    BuildAttributes$$THM_ISAv4$P$D$K$B$S$PE$A:L22UL41UL21$X:L11$S22US41US21$IEEE1$IW$USESV6$~STKCKD$USESV7$~SHL$OTIME$ROPI$EBA8$UX$STANDARDLIB$REQ8$PRES8$EABIv2 0x00000000   Number         0  anon$$obj.o ABSOLUTE
    __ARM_use_no_argv                        0x00000000   Number         0  main.o ABSOLUTE
    __ARM_exceptions_init                     - Undefined Weak Reference
    __alloca_initialize                       - Undefined Weak Reference
    __arm_preinit_                            - Undefined Weak Reference
    __cpp_initialize__aeabi_                  - Undefined Weak Reference
    __cxa_finalize                            - Undefined Weak Reference
    __rt_locale                               - Undefined Weak Reference
    __sigvec_lookup                           - Undefined Weak Reference
    _atexit_init                              - Undefined Weak Reference
    _call_atexit_fns                          - Undefined Weak Reference
    _clock_init                               - Undefined Weak Reference
    _fp_trap_init                             - Undefined Weak Reference
    _fp_trap_shutdown                         - Undefined Weak Reference
    _get_lc_collate                           - Undefined Weak Reference
    _get_lc_ctype                             - Undefined Weak Reference
    _get_lc_monetary                          - Undefined Weak Reference
    _get_lc_numeric                           - Undefined Weak Reference
    _get_lc_time                              - Undefined Weak Reference
    _getenv_init                              - Undefined Weak Reference
    _handle_redirection                       - Undefined Weak Reference
    _init_alloc                               - Undefined Weak Reference
    _init_user_alloc                          - Undefined Weak Reference
    _initio                                   - Undefined Weak Reference
    _rand_init                                - Undefined Weak Reference
    _signal_finish                            - Undefined Weak Reference
    _signal_init                              - Undefined Weak Reference
    _terminate_alloc                          - Undefined Weak Reference
    _terminate_user_alloc                     - Undefined Weak Reference
    _terminateio                              - Undefined Weak Reference
    __Vectors_Size                           0x000000ec   Number         0  startup_stm32f103xb.o ABSOLUTE
    __Vectors                                0x08000000   Data           4  startup_stm32f103xb.o(RESET)
    __Vectors_End                            0x080000ec   Data           0  startup_stm32f103xb.o(RESET)
    __main                                   0x080000ed   Thumb Code     8  __main.o(!!!main)
    __scatterload                            0x080000f5   Thumb Code     0  __scatter.o(!!!scatter)
    __scatterload_rt2                        0x080000f5   Thumb Code    44  __scatter.o(!!!scatter)
    __scatterload_rt2_thumb_only             0x080000f5   Thumb Code     0  __scatter.o(!!!scatter)
    __scatterload_null                       0x08000103   Thumb Code     0  __scatter.o(!!!scatter)
    __decompress                             0x08000129   Thumb Code    90  __dczerorl2.o(!!dczerorl2)
    __decompress1                            0x08000129   Thumb Code     0  __dczerorl2.o(!!dczerorl2)
    __scatterload_zeroinit                   0x08000185   Thumb Code    28  __scatter_zi.o(!!handler_zi)
    __rt_lib_init                            0x080001a1   Thumb Code     0  libinit.o(.ARM.Collect$$libinit$$00000000)
    __rt_lib_init_alloca_1                   0x080001a3   Thumb Code     0  libinit2.o(.ARM.Collect$$libinit$$0000002E)
    __rt_lib_init_argv_1                     0x080001a3   Thumb Code     0  libinit2.o(.ARM.Collect$$libinit$$0000002C)
    __rt_lib_init_atexit_1                   0x080001a3   Thumb Code     0  libinit2.o(.ARM.Collect$$libinit$$0000001B)
    __rt_lib_init_clock_1                    0x080001a3   Thumb Code     0  libinit2.o(.ARM.Collect$$libinit$$00000021)
    __rt_lib_init_cpp_1                      0x080001a3   Thumb Code     0  libinit2.o(.ARM.Collect$$libinit$$00000032)
    __rt_lib_init_exceptions_1               0x080001a3   Thumb Code     0  libinit2.o(.ARM.Collect$$libinit$$00000030)
    __rt_lib_init_fp_1                       0x080001a3   Thumb Code     0  libinit2.o(.ARM.Collect$$libinit$$00000002)
    __rt_lib_init_fp_trap_1                  0x080001a3   Thumb Code     0  libinit2.o(.ARM.Collect$$libinit$$0000001F)
    __rt_lib_init_getenv_1                   0x080001a3   Thumb Code     0  libinit2.o(.ARM.Collect$$libinit$$00000023)
    __rt_lib_init_heap_1                     0x080001a3   Thumb Code     0  libinit2.o(.ARM.Collect$$libinit$$0000000A)
    __rt_lib_init_lc_collate_1               0x080001a3   Thumb Code     0  libinit2.o(.ARM.Collect$$libinit$$00000011)
    __rt_lib_init_lc_ctype_1                 0x080001a3   Thumb Code     0  libinit2.o(.ARM.Collect$$libinit$$00000013)
    __rt_lib_init_lc_monetary_1              0x080001a3   Thumb Code     0  libinit2.o(.ARM.Collect$$libinit$$00000015)
    __rt_lib_init_lc_numeric_1               0x080001a3   Thumb Code     0  libinit2.o(.ARM.Collect$$libinit$$00000017)
    __rt_lib_init_lc_time_1                  0x080001a3   Thumb Code     0  libinit2.o(.ARM.Collect$$libinit$$00000019)
    __rt_lib_init_preinit_1                  0x080001a3   Thumb Code     0  libinit2.o(.ARM.Collect$$libinit$$00000004)
    __rt_lib_init_rand_1                     0x080001a3   Thumb Code     0  libinit2.o(.ARM.Collect$$libinit$$0000000E)
    __rt_lib_init_return                     0x080001a3   Thumb Code     0  libinit2.o(.ARM.Collect$$libinit$$00000033)
    __rt_lib_init_signal_1                   0x080001a3   Thumb Code     0  libinit2.o(.ARM.Collect$$libinit$$0000001D)
    __rt_lib_init_stdio_1                    0x080001a3   Thumb Code     0  libinit2.o(.ARM.Collect$$libinit$$00000025)
    __rt_lib_init_user_alloc_1               0x080001a3   Thumb Code     0  libinit2.o(.ARM.Collect$$libinit$$0000000C)
    __rt_lib_shutdown                        0x080001a5   Thumb Code     0  libshutdown.o(.ARM.Collect$$libshutdown$$00000000)
    __rt_lib_shutdown_fp_trap_1              0x080001a7   Thumb Code     0  libshutdown2.o(.ARM.Collect$$libshutdown$$00000006)
    __rt_lib_shutdown_heap_1                 0x080001a7   Thumb Code     0  libshutdown2.o(.ARM.Collect$$libshutdown$$0000000E)
    __rt_lib_shutdown_return                 0x080001a7   Thumb Code     0  libshutdown2.o(.ARM.Collect$$libshutdown$$0000000F)
    __rt_lib_shutdown_signal_1               0x080001a7   Thumb Code     0  libshutdown2.o(.ARM.Collect$$libshutdown$$00000009)
    __rt_lib_shutdown_stdio_1                0x080001a7   Thumb Code     0  libshutdown2.o(.ARM.Collect$$libshutdown$$00000003)
    __rt_lib_shutdown_user_alloc_1           0x080001a7   Thumb Code     0  libshutdown2.o(.ARM.Collect$$libshutdown$$0000000B)
    __rt_entry                               0x080001a9   Thumb Code     0  __rtentry.o(.ARM.Collect$$rtentry$$00000000)
    __rt_entry_presh_1                       0x080001a9   Thumb Code     0  __rtentry2.o(.ARM.Collect$$rtentry$$00000002)
    __rt_entry_sh                            0x080001a9   Thumb Code     0  __rtentry4.o(.ARM.Collect$$rtentry$$00000004)
    __rt_entry_li                            0x080001af   Thumb Code     0  __rtentry2.o(.ARM.Collect$$rtentry$$0000000A)
    __rt_entry_postsh_1                      0x080001af   Thumb Code     0  __rtentry2.o(.ARM.Collect$$rtentry$$00000009)
    __rt_entry_main                          0x080001b3   Thumb Code     0  __rtentry2.o(.ARM.Collect$$rtentry$$0000000D)
    __rt_entry_postli_1                      0x080001b3   Thumb Code     0  __rtentry2.o(.ARM.Collect$$rtentry$$0000000C)
    __rt_exit                                0x080001bb   Thumb Code     0  rtexit.o(.ARM.Collect$$rtexit$$00000000)
    __rt_exit_ls                             0x080001bd   Thumb Code     0  rtexit2.o(.ARM.Collect$$rtexit$$00000003)
    __rt_exit_prels_1                        0x080001bd   Thumb Code     0  rtexit2.o(.ARM.Collect$$rtexit$$00000002)
    __rt_exit_exit                           0x080001c1   Thumb Code     0  rtexit2.o(.ARM.Collect$$rtexit$$00000004)
    Reset_Handler                            0x080001c9   Thumb Code     8  startup_stm32f103xb.o(.text)
    ADC1_2_IRQHandler                        0x080001e3   Thumb Code     0  startup_stm32f103xb.o(.text)
    CAN1_RX1_IRQHandler                      0x080001e3   Thumb Code     0  startup_stm32f103xb.o(.text)
    CAN1_SCE_IRQHandler                      0x080001e3   Thumb Code     0  startup_stm32f103xb.o(.text)
    DMA1_Channel2_IRQHandler                 0x080001e3   Thumb Code     0  startup_stm32f103xb.o(.text)
    DMA1_Channel3_IRQHandler                 0x080001e3   Thumb Code     0  startup_stm32f103xb.o(.text)
    DMA1_Channel4_IRQHandler                 0x080001e3   Thumb Code     0  startup_stm32f103xb.o(.text)
    DMA1_Channel5_IRQHandler                 0x080001e3   Thumb Code     0  startup_stm32f103xb.o(.text)
    DMA1_Channel6_IRQHandler                 0x080001e3   Thumb Code     0  startup_stm32f103xb.o(.text)
    DMA1_Channel7_IRQHandler                 0x080001e3   Thumb Code     0  startup_stm32f103xb.o(.text)
    EXTI0_IRQHandler                         0x080001e3   Thumb Code     0  startup_stm32f103xb.o(.text)
    EXTI15_10_IRQHandler                     0x080001e3   Thumb Code     0  startup_stm32f103xb.o(.text)
    EXTI1_IRQHandler                         0x080001e3   Thumb Code     0  startup_stm32f103xb.o(.text)
    EXTI2_IRQHandler                         0x080001e3   Thumb Code     0  startup_stm32f103xb.o(.text)
    EXTI3_IRQHandler                         0x080001e3   Thumb Code     0  startup_stm32f103xb.o(.text)
    EXTI4_IRQHandler                         0x080001e3   Thumb Code     0  startup_stm32f103xb.o(.text)
    EXTI9_5_IRQHandler                       0x080001e3   Thumb Code     0  startup_stm32f103xb.o(.text)
    FLASH_IRQHandler                         0x080001e3   Thumb Code     0  startup_stm32f103xb.o(.text)
    I2C1_ER_IRQHandler                       0x080001e3   Thumb Code     0  startup_stm32f103xb.o(.text)
    I2C1_EV_IRQHandler                       0x080001e3   Thumb Code     0  startup_stm32f103xb.o(.text)
    I2C2_ER_IRQHandler                       0x080001e3   Thumb Code     0  startup_stm32f103xb.o(.text)
    I2C2_EV_IRQHandler                       0x080001e3   Thumb Code     0  startup_stm32f103xb.o(.text)
    PVD_IRQHandler                           0x080001e3   Thumb Code     0  startup_stm32f103xb.o(.text)
    RCC_IRQHandler                           0x080001e3   Thumb Code     0  startup_stm32f103xb.o(.text)
    RTC_Alarm_IRQHandler                     0x080001e3   Thumb Code     0  startup_stm32f103xb.o(.text)
    RTC_IRQHandler                           0x080001e3   Thumb Code     0  startup_stm32f103xb.o(.text)
    SPI1_IRQHandler                          0x080001e3   Thumb Code     0  startup_stm32f103xb.o(.text)
    SPI2_IRQHandler                          0x080001e3   Thumb Code     0  startup_stm32f103xb.o(.text)
    TAMPER_IRQHandler                        0x080001e3   Thumb Code     0  startup_stm32f103xb.o(.text)
    TIM1_BRK_IRQHandler                      0x080001e3   Thumb Code     0  startup_stm32f103xb.o(.text)
    TIM1_CC_IRQHandler                       0x080001e3   Thumb Code     0  startup_stm32f103xb.o(.text)
    TIM1_TRG_COM_IRQHandler                  0x080001e3   Thumb Code     0  startup_stm32f103xb.o(.text)
    TIM1_UP_IRQHandler                       0x080001e3   Thumb Code     0  startup_stm32f103xb.o(.text)
    TIM2_IRQHandler                          0x080001e3   Thumb Code     0  startup_stm32f103xb.o(.text)
    TIM3_IRQHandler                          0x080001e3   Thumb Code     0  startup_stm32f103xb.o(.text)
    TIM4_IRQHandler                          0x080001e3   Thumb Code     0  startup_stm32f103xb.o(.text)
    USART1_IRQHandler                        0x080001e3   Thumb Code     0  startup_stm32f103xb.o(.text)
    USART2_IRQHandler                        0x080001e3   Thumb Code     0  startup_stm32f103xb.o(.text)
    USART3_IRQHandler                        0x080001e3   Thumb Code     0  startup_stm32f103xb.o(.text)
    USBWakeUp_IRQHandler                     0x080001e3   Thumb Code     0  startup_stm32f103xb.o(.text)
    WWDG_IRQHandler                          0x080001e3   Thumb Code     0  startup_stm32f103xb.o(.text)
    __user_initial_stackheap                 0x080001e5   Thumb Code     0  startup_stm32f103xb.o(.text)
    __aeabi_memcpy4                          0x08000209   Thumb Code     0  rt_memcpy_w.o(.text)
    __aeabi_memcpy8                          0x08000209   Thumb Code     0  rt_memcpy_w.o(.text)
    __rt_memcpy_w                            0x08000209   Thumb Code   100  rt_memcpy_w.o(.text)
    _memcpy_lastbytes_aligned                0x08000251   Thumb Code     0  rt_memcpy_w.o(.text)
    __aeabi_memclr4                          0x0800026d   Thumb Code     0  rt_memclr_w.o(.text)
    __aeabi_memclr8                          0x0800026d   Thumb Code     0  rt_memclr_w.o(.text)
    __rt_memclr_w                            0x0800026d   Thumb Code    78  rt_memclr_w.o(.text)
    _memset_w                                0x08000271   Thumb Code     0  rt_memclr_w.o(.text)
    __use_two_region_memory                  0x080002bb   Thumb Code     2  heapauxi.o(.text)
    __rt_heap_escrow$2region                 0x080002bd   Thumb Code     2  heapauxi.o(.text)
    __rt_heap_expand$2region                 0x080002bf   Thumb Code     2  heapauxi.o(.text)
    __user_setup_stackheap                   0x080002c1   Thumb Code    74  sys_stackheap_outer.o(.text)
    exit                                     0x0800030b   Thumb Code    12  exit.o(.text)
    __user_libspace                          0x08000319   Thumb Code     8  libspace.o(.text)
    __user_perproc_libspace                  0x08000319   Thumb Code     0  libspace.o(.text)
    __user_perthread_libspace                0x08000319   Thumb Code     0  libspace.o(.text)
    _sys_exit                                0x08000321   Thumb Code     8  sys_exit.o(.text)
    __I$use$semihosting                      0x0800032d   Thumb Code     0  use_no_semi.o(.text)
    __use_no_semihosting_swi                 0x0800032d   Thumb Code     2  use_no_semi.o(.text)
    ADC_ConversionStop_Disable               0x0800032f   Thumb Code    92  stm32f1xx_hal_adc.o(i.ADC_ConversionStop_Disable)
    __semihosting_library_function           0x0800032f   Thumb Code     0  indicate_semi.o(.text)
    ADC_DMAConvCplt                          0x0800038b   Thumb Code    82  stm32f1xx_hal_adc.o(i.ADC_DMAConvCplt)
    ADC_DMAError                             0x080003dd   Thumb Code    30  stm32f1xx_hal_adc.o(i.ADC_DMAError)
    ADC_DMAHalfConvCplt                      0x080003fb   Thumb Code    14  stm32f1xx_hal_adc.o(i.ADC_DMAHalfConvCplt)
    ADC_Enable                               0x08000409   Thumb Code   134  stm32f1xx_hal_adc.o(i.ADC_Enable)
    BusFault_Handler                         0x08000499   Thumb Code     4  stm32f1xx_it.o(i.BusFault_Handler)
    CDC_Transmit_FS                          0x080004e5   Thumb Code    40  usbd_cdc_if.o(i.CDC_Transmit_FS)
    DMA1_Channel1_IRQHandler                 0x08000511   Thumb Code    10  stm32f1xx_it.o(i.DMA1_Channel1_IRQHandler)
    DebugMon_Handler                         0x0800054d   Thumb Code     2  stm32f1xx_it.o(i.DebugMon_Handler)
    Error_Handler                            0x0800054f   Thumb Code     6  main.o(i.Error_Handler)
    HAL_ADC_ConfigChannel                    0x0800058d   Thumb Code   338  stm32f1xx_hal_adc.o(i.HAL_ADC_ConfigChannel)
    HAL_ADC_ConvCpltCallback                 0x080006ed   Thumb Code     2  stm32f1xx_hal_adc.o(i.HAL_ADC_ConvCpltCallback)
    HAL_ADC_ConvHalfCpltCallback             0x080006ef   Thumb Code     2  stm32f1xx_hal_adc.o(i.HAL_ADC_ConvHalfCpltCallback)
    HAL_ADC_ErrorCallback                    0x080006f1   Thumb Code     2  stm32f1xx_hal_adc.o(i.HAL_ADC_ErrorCallback)
    HAL_ADC_Init                             0x080006f5   Thumb Code   314  stm32f1xx_hal_adc.o(i.HAL_ADC_Init)
    HAL_ADC_MspInit                          0x08000839   Thumb Code   150  stm32f1xx_hal_msp.o(i.HAL_ADC_MspInit)
    HAL_ADC_PollForConversion                0x080008e5   Thumb Code   366  stm32f1xx_hal_adc.o(i.HAL_ADC_PollForConversion)
    HAL_ADC_Start_DMA                        0x08000a65   Thumb Code   362  stm32f1xx_hal_adc.o(i.HAL_ADC_Start_DMA)
    HAL_DMA_IRQHandler                       0x08000be5   Thumb Code   408  stm32f1xx_hal_dma.o(i.HAL_DMA_IRQHandler)
    HAL_DMA_Init                             0x08000d81   Thumb Code   100  stm32f1xx_hal_dma.o(i.HAL_DMA_Init)
    HAL_DMA_Start_IT                         0x08000de9   Thumb Code   156  stm32f1xx_hal_dma.o(i.HAL_DMA_Start_IT)
    HAL_GPIO_Init                            0x08000e85   Thumb Code   766  stm32f1xx_hal_gpio.o(i.HAL_GPIO_Init)
    HAL_GPIO_ReadPin                         0x080011a5   Thumb Code    16  stm32f1xx_hal_gpio.o(i.HAL_GPIO_ReadPin)
    HAL_GPIO_WritePin                        0x080011b5   Thumb Code    12  stm32f1xx_hal_gpio.o(i.HAL_GPIO_WritePin)
    HAL_GetTick                              0x080011c1   Thumb Code     6  stm32f1xx_hal.o(i.HAL_GetTick)
    HAL_IncTick                              0x080011cd   Thumb Code    16  stm32f1xx_hal.o(i.HAL_IncTick)
    HAL_Init                                 0x080011e5   Thumb Code    34  stm32f1xx_hal.o(i.HAL_Init)
    HAL_InitTick                             0x0800120d   Thumb Code    64  stm32f1xx_hal.o(i.HAL_InitTick)
    HAL_MspInit                              0x08001259   Thumb Code    76  stm32f1xx_hal_msp.o(i.HAL_MspInit)
    HAL_NVIC_EnableIRQ                       0x080012ad   Thumb Code    32  stm32f1xx_hal_cortex.o(i.HAL_NVIC_EnableIRQ)
    HAL_NVIC_SetPriority                     0x080012cd   Thumb Code   124  stm32f1xx_hal_cortex.o(i.HAL_NVIC_SetPriority)
    HAL_NVIC_SetPriorityGrouping             0x08001349   Thumb Code    32  stm32f1xx_hal_cortex.o(i.HAL_NVIC_SetPriorityGrouping)
    HAL_PCDEx_PMAConfig                      0x08001371   Thumb Code    68  stm32f1xx_hal_pcd_ex.o(i.HAL_PCDEx_PMAConfig)
    HAL_PCDEx_SetConnectionState             0x080013b5   Thumb Code     2  usbd_conf.o(i.HAL_PCDEx_SetConnectionState)
    HAL_PCD_DataInStageCallback              0x080013b7   Thumb Code    18  usbd_conf.o(i.HAL_PCD_DataInStageCallback)
    HAL_PCD_DataOutStageCallback             0x080013c9   Thumb Code    20  usbd_conf.o(i.HAL_PCD_DataOutStageCallback)
    HAL_PCD_EP_Close                         0x080013dd   Thumb Code   106  stm32f1xx_hal_pcd.o(i.HAL_PCD_EP_Close)
    HAL_PCD_EP_ClrStall                      0x08001447   Thumb Code   124  stm32f1xx_hal_pcd.o(i.HAL_PCD_EP_ClrStall)
    HAL_PCD_EP_GetRxCount                    0x08001b59   Thumb Code    22  stm32f1xx_hal_pcd.o(i.HAL_PCD_EP_GetRxCount)
    HAL_PCD_EP_Open                          0x08001b6f   Thumb Code   132  stm32f1xx_hal_pcd.o(i.HAL_PCD_EP_Open)
    HAL_PCD_EP_Receive                       0x08001bf3   Thumb Code    60  stm32f1xx_hal_pcd.o(i.HAL_PCD_EP_Receive)
    HAL_PCD_EP_SetStall                      0x08001c2f   Thumb Code   136  stm32f1xx_hal_pcd.o(i.HAL_PCD_EP_SetStall)
    HAL_PCD_EP_Transmit                      0x08001cb7   Thumb Code    70  stm32f1xx_hal_pcd.o(i.HAL_PCD_EP_Transmit)
    HAL_PCD_IRQHandler                       0x08001cfd   Thumb Code   460  stm32f1xx_hal_pcd.o(i.HAL_PCD_IRQHandler)
    HAL_PCD_Init                             0x08001ec9   Thumb Code   330  stm32f1xx_hal_pcd.o(i.HAL_PCD_Init)
    HAL_PCD_MspInit                          0x08002015   Thumb Code    70  usbd_conf.o(i.HAL_PCD_MspInit)
    HAL_PCD_ResetCallback                    0x08002061   Thumb Code    38  usbd_conf.o(i.HAL_PCD_ResetCallback)
    HAL_PCD_ResumeCallback                   0x08002087   Thumb Code     8  usbd_conf.o(i.HAL_PCD_ResumeCallback)
    HAL_PCD_SOFCallback                      0x0800208f   Thumb Code     8  usbd_conf.o(i.HAL_PCD_SOFCallback)
    HAL_PCD_SetAddress                       0x08002097   Thumb Code    54  stm32f1xx_hal_pcd.o(i.HAL_PCD_SetAddress)
    HAL_PCD_SetupStageCallback               0x080020cd   Thumb Code    14  usbd_conf.o(i.HAL_PCD_SetupStageCallback)
    HAL_PCD_Start                            0x080020db   Thumb Code    60  stm32f1xx_hal_pcd.o(i.HAL_PCD_Start)
    HAL_PCD_SuspendCallback                  0x08002119   Thumb Code    30  usbd_conf.o(i.HAL_PCD_SuspendCallback)
    HAL_RCCEx_GetPeriphCLKFreq               0x0800213d   Thumb Code   232  stm32f1xx_hal_rcc_ex.o(i.HAL_RCCEx_GetPeriphCLKFreq)
    HAL_RCCEx_PeriphCLKConfig                0x0800223d   Thumb Code   290  stm32f1xx_hal_rcc_ex.o(i.HAL_RCCEx_PeriphCLKConfig)
    HAL_RCC_ClockConfig                      0x0800236d   Thumb Code   376  stm32f1xx_hal_rcc.o(i.HAL_RCC_ClockConfig)
    HAL_RCC_GetHCLKFreq                      0x080024f9   Thumb Code     6  stm32f1xx_hal_rcc.o(i.HAL_RCC_GetHCLKFreq)
    HAL_RCC_GetPCLK2Freq                     0x08002505   Thumb Code    22  stm32f1xx_hal_rcc.o(i.HAL_RCC_GetPCLK2Freq)
    HAL_RCC_GetSysClockFreq                  0x08002525   Thumb Code    92  stm32f1xx_hal_rcc.o(i.HAL_RCC_GetSysClockFreq)
    HAL_RCC_OscConfig                        0x08002599   Thumb Code  1114  stm32f1xx_hal_rcc.o(i.HAL_RCC_OscConfig)
    HAL_SYSTICK_Config                       0x080029fd   Thumb Code    52  stm32f1xx_hal_cortex.o(i.HAL_SYSTICK_Config)
    HardFault_Handler                        0x08002a31   Thumb Code     4  stm32f1xx_it.o(i.HardFault_Handler)
    MX_USB_DEVICE_Init                       0x08002c6d   Thumb Code    66  usb_device.o(i.MX_USB_DEVICE_Init)
    MemManage_Handler                        0x08002cc1   Thumb Code     4  stm32f1xx_it.o(i.MemManage_Handler)
    NMI_Handler                              0x08002cc5   Thumb Code     4  stm32f1xx_it.o(i.NMI_Handler)
    PendSV_Handler                           0x080031bb   Thumb Code     2  stm32f1xx_it.o(i.PendSV_Handler)
    ReadDejitteredKeyStat                    0x080031e5   Thumb Code   108  main.o(i.ReadDejitteredKeyStat)
    ReadKeyStatus                            0x08003265   Thumb Code   304  main.o(i.ReadKeyStatus)
    SVC_Handler                              0x080033a1   Thumb Code     2  stm32f1xx_it.o(i.SVC_Handler)
    SysTick_Handler                          0x080033a3   Thumb Code     8  stm32f1xx_it.o(i.SysTick_Handler)
    SystemClock_Config                       0x080033ab   Thumb Code   136  main.o(i.SystemClock_Config)
    SystemInit                               0x08003433   Thumb Code     2  system_stm32f1xx.o(i.SystemInit)
    USBD_CDC_GetDeviceQualifierDescriptor    0x08003521   Thumb Code     8  usbd_cdc.o(i.USBD_CDC_GetDeviceQualifierDescriptor)
    USBD_CDC_ReceivePacket                   0x080035fd   Thumb Code    50  usbd_cdc.o(i.USBD_CDC_ReceivePacket)
    USBD_CDC_RegisterInterface               0x0800362f   Thumb Code    16  usbd_cdc.o(i.USBD_CDC_RegisterInterface)
    USBD_CDC_SetRxBuffer                     0x0800363f   Thumb Code    12  usbd_cdc.o(i.USBD_CDC_SetRxBuffer)
    USBD_CDC_SetTxBuffer                     0x0800364b   Thumb Code    16  usbd_cdc.o(i.USBD_CDC_SetTxBuffer)
    USBD_CDC_TransmitPacket                  0x08003741   Thumb Code    56  usbd_cdc.o(i.USBD_CDC_TransmitPacket)
    USBD_ClrClassConfig                      0x08003779   Thumb Code    14  usbd_core.o(i.USBD_ClrClassConfig)
    USBD_CtlContinueRx                       0x080037ad   Thumb Code    16  usbd_ioreq.o(i.USBD_CtlContinueRx)
    USBD_CtlContinueSendData                 0x080037bd   Thumb Code    16  usbd_ioreq.o(i.USBD_CtlContinueSendData)
    USBD_CtlError                            0x080037cd   Thumb Code    24  usbd_ctlreq.o(i.USBD_CtlError)
    USBD_CtlPrepareRx                        0x080037e5   Thumb Code    30  usbd_ioreq.o(i.USBD_CtlPrepareRx)
    USBD_CtlReceiveStatus                    0x08003803   Thumb Code    22  usbd_ioreq.o(i.USBD_CtlReceiveStatus)
    USBD_CtlSendData                         0x08003819   Thumb Code    26  usbd_ioreq.o(i.USBD_CtlSendData)
    USBD_CtlSendStatus                       0x08003833   Thumb Code    22  usbd_ioreq.o(i.USBD_CtlSendStatus)
    USBD_FS_ConfigStrDescriptor              0x08003849   Thumb Code    32  usbd_desc.o(i.USBD_FS_ConfigStrDescriptor)
    USBD_FS_DeviceDescriptor                 0x08003879   Thumb Code     8  usbd_desc.o(i.USBD_FS_DeviceDescriptor)
    USBD_FS_InterfaceStrDescriptor           0x08003885   Thumb Code    32  usbd_desc.o(i.USBD_FS_InterfaceStrDescriptor)
    USBD_FS_LangIDStrDescriptor              0x080038b9   Thumb Code     8  usbd_desc.o(i.USBD_FS_LangIDStrDescriptor)
    USBD_FS_ManufacturerStrDescriptor        0x080038c5   Thumb Code    16  usbd_desc.o(i.USBD_FS_ManufacturerStrDescriptor)
    USBD_FS_ProductStrDescriptor             0x080038ed   Thumb Code    32  usbd_desc.o(i.USBD_FS_ProductStrDescriptor)
    USBD_FS_SerialStrDescriptor              0x08003929   Thumb Code    14  usbd_desc.o(i.USBD_FS_SerialStrDescriptor)
    USBD_GetString                           0x08003b69   Thumb Code    68  usbd_ctlreq.o(i.USBD_GetString)
    USBD_Init                                0x08003bd1   Thumb Code    44  usbd_core.o(i.USBD_Init)
    USBD_LL_ClearStallEP                     0x08003bfd   Thumb Code    18  usbd_conf.o(i.USBD_LL_ClearStallEP)
    USBD_LL_CloseEP                          0x08003c0f   Thumb Code    18  usbd_conf.o(i.USBD_LL_CloseEP)
    USBD_LL_DataInStage                      0x08003c21   Thumb Code   214  usbd_core.o(i.USBD_LL_DataInStage)
    USBD_LL_DataOutStage                     0x08003cf7   Thumb Code   138  usbd_core.o(i.USBD_LL_DataOutStage)
    USBD_LL_GetRxDataSize                    0x08003d81   Thumb Code     8  usbd_conf.o(i.USBD_LL_GetRxDataSize)
    USBD_LL_Init                             0x08003d89   Thumb Code   122  usbd_conf.o(i.USBD_LL_Init)
    USBD_LL_IsStallEP                        0x08003e0d   Thumb Code    34  usbd_conf.o(i.USBD_LL_IsStallEP)
    USBD_LL_OpenEP                           0x08003e2f   Thumb Code    24  usbd_conf.o(i.USBD_LL_OpenEP)
    USBD_LL_PrepareReceive                   0x08003e47   Thumb Code    18  usbd_conf.o(i.USBD_LL_PrepareReceive)
    USBD_LL_Reset                            0x08003e59   Thumb Code    82  usbd_core.o(i.USBD_LL_Reset)
    USBD_LL_Resume                           0x08003eab   Thumb Code    20  usbd_core.o(i.USBD_LL_Resume)
    USBD_LL_SOF                              0x08003ebf   Thumb Code    24  usbd_core.o(i.USBD_LL_SOF)
    USBD_LL_SetSpeed                         0x08003ed7   Thumb Code     6  usbd_core.o(i.USBD_LL_SetSpeed)
    USBD_LL_SetUSBAddress                    0x08003edd   Thumb Code    18  usbd_conf.o(i.USBD_LL_SetUSBAddress)
    USBD_LL_SetupStage                       0x08003eef   Thumb Code    94  usbd_core.o(i.USBD_LL_SetupStage)
    USBD_LL_StallEP                          0x08003f4d   Thumb Code    18  usbd_conf.o(i.USBD_LL_StallEP)
    USBD_LL_Start                            0x08003f5f   Thumb Code    18  usbd_conf.o(i.USBD_LL_Start)
    USBD_LL_Suspend                          0x08003f71   Thumb Code    18  usbd_core.o(i.USBD_LL_Suspend)
    USBD_LL_Transmit                         0x08003f83   Thumb Code    18  usbd_conf.o(i.USBD_LL_Transmit)
    USBD_ParseSetupRequest                   0x08003f95   Thumb Code    40  usbd_ctlreq.o(i.USBD_ParseSetupRequest)
    USBD_RegisterClass                       0x08003fbd   Thumb Code    18  usbd_core.o(i.USBD_RegisterClass)
    USBD_RunTestMode                         0x08003fcf   Thumb Code     4  usbd_core.o(i.USBD_RunTestMode)
    USBD_SetClassConfig                      0x0800402b   Thumb Code    24  usbd_core.o(i.USBD_SetClassConfig)
    USBD_Start                               0x08004121   Thumb Code    10  usbd_core.o(i.USBD_Start)
    USBD_StdDevReq                           0x0800412b   Thumb Code   128  usbd_ctlreq.o(i.USBD_StdDevReq)
    USBD_StdEPReq                            0x080041ab   Thumb Code   496  usbd_ctlreq.o(i.USBD_StdEPReq)
    USBD_StdItfReq                           0x0800439b   Thumb Code   102  usbd_ctlreq.o(i.USBD_StdItfReq)
    USBD_static_free                         0x08004401   Thumb Code     2  usbd_conf.o(i.USBD_static_free)
    USBD_static_malloc                       0x08004405   Thumb Code     4  usbd_conf.o(i.USBD_static_malloc)
    USB_ActivateEndpoint                     0x0800440d   Thumb Code  1200  stm32f1xx_ll_usb.o(i.USB_ActivateEndpoint)
    USB_CoreInit                             0x080048bd   Thumb Code     8  stm32f1xx_ll_usb.o(i.USB_CoreInit)
    USB_DeactivateEndpoint                   0x080048c5   Thumb Code   636  stm32f1xx_ll_usb.o(i.USB_DeactivateEndpoint)
    USB_DevConnect                           0x08004b41   Thumb Code     6  stm32f1xx_ll_usb.o(i.USB_DevConnect)
    USB_DevDisconnect                        0x08004b47   Thumb Code     6  stm32f1xx_ll_usb.o(i.USB_DevDisconnect)
    USB_DevInit                              0x08004b4d   Thumb Code    22  stm32f1xx_ll_usb.o(i.USB_DevInit)
    USB_DisableGlobalInt                     0x08004b63   Thumb Code    20  stm32f1xx_ll_usb.o(i.USB_DisableGlobalInt)
    USB_EP0_OutStart                         0x08004b77   Thumb Code     6  stm32f1xx_ll_usb.o(i.USB_EP0_OutStart)
    USB_EPClearStall                         0x08004b7d   Thumb Code   218  stm32f1xx_ll_usb.o(i.USB_EPClearStall)
    USB_EPSetStall                           0x08004c57   Thumb Code    92  stm32f1xx_ll_usb.o(i.USB_EPSetStall)
    USB_EPStartXfer                          0x08004cb3   Thumb Code  2640  stm32f1xx_ll_usb.o(i.USB_EPStartXfer)
    USB_EnableGlobalInt                      0x08005703   Thumb Code    18  stm32f1xx_ll_usb.o(i.USB_EnableGlobalInt)
    USB_HP_CAN1_TX_IRQHandler                0x08005715   Thumb Code    10  stm32f1xx_it.o(i.USB_HP_CAN1_TX_IRQHandler)
    USB_LP_CAN1_RX0_IRQHandler               0x08005725   Thumb Code    10  stm32f1xx_it.o(i.USB_LP_CAN1_RX0_IRQHandler)
    USB_ReadInterrupts                       0x08005735   Thumb Code     8  stm32f1xx_ll_usb.o(i.USB_ReadInterrupts)
    USB_ReadPMA                              0x0800573d   Thumb Code    74  stm32f1xx_ll_usb.o(i.USB_ReadPMA)
    USB_SetCurrentMode                       0x08005787   Thumb Code     6  stm32f1xx_ll_usb.o(i.USB_SetCurrentMode)
    USB_SetDevAddress                        0x0800578d   Thumb Code    14  stm32f1xx_ll_usb.o(i.USB_SetDevAddress)
    USB_WritePMA                             0x0800579b   Thumb Code    64  stm32f1xx_ll_usb.o(i.USB_WritePMA)
    UsageFault_Handler                       0x080057db   Thumb Code     4  stm32f1xx_it.o(i.UsageFault_Handler)
    WriteKeyStat                             0x080057e1   Thumb Code   190  main.o(i.WriteKeyStat)
    main                                     0x080058e1   Thumb Code   692  main.o(i.main)
    ProgramSet                               0x08005bb4   Data       12288  main.o(.constdata)
    FrameInterval                            0x08008bb4   Data           4  main.o(.constdata)
    AHBPrescTable                            0x08008be8   Data          16  system_stm32f1xx.o(.constdata)
    APBPrescTable                            0x08008bf8   Data           8  system_stm32f1xx.o(.constdata)
    Region$$Table$$Base                      0x08008c00   Number         0  anon$$obj.o(Region$$Table)
    Region$$Table$$Limit                     0x08008c20   Number         0  anon$$obj.o(Region$$Table)
    KeyStat                                  0x20000000   Data           4  main.o(.data)
    KeyPressed                               0x20000004   Data           4  main.o(.data)
    KeyReleased                              0x20000008   Data           4  main.o(.data)
    uwTick                                   0x20000014   Data           4  stm32f1xx_hal.o(.data)
    uwTickPrio                               0x20000018   Data           4  stm32f1xx_hal.o(.data)
    uwTickFreq                               0x2000001c   Data           1  stm32f1xx_hal.o(.data)
    SystemCoreClock                          0x20000020   Data           4  system_stm32f1xx.o(.data)
    FS_Desc                                  0x20000024   Data          28  usbd_desc.o(.data)
    USBD_LangIDDesc                          0x20000040   Data           4  usbd_desc.o(.data)
    USBD_FS_DeviceDesc                       0x20000044   Data          18  usbd_desc.o(.data)
    USBD_StringSerial                        0x20000058   Data          26  usbd_desc.o(.data)
    USBD_Interface_fops_FS                   0x20000074   Data          16  usbd_cdc_if.o(.data)
    USBD_CDC_CfgHSDesc                       0x20000094   Data          67  usbd_cdc.o(.data)
    USBD_CDC_CfgFSDesc                       0x200000d8   Data          67  usbd_cdc.o(.data)
    USBD_CDC_OtherSpeedCfgDesc               0x2000011c   Data          67  usbd_cdc.o(.data)
    USBD_CDC                                 0x20000160   Data          56  usbd_cdc.o(.data)
    hadc1                                    0x20000198   Data          48  main.o(.bss)
    hdma_adc1                                0x200001c8   Data          68  main.o(.bss)
    hUsbDeviceFS                             0x200002d4   Data         708  usb_device.o(.bss)
    USBD_StrDesc                             0x20000598   Data         512  usbd_desc.o(.bss)
    UserRxBufferFS                           0x20000798   Data        1024  usbd_cdc_if.o(.bss)
    UserTxBufferFS                           0x20000b98   Data        1024  usbd_cdc_if.o(.bss)
    hpcd_USB_FS                              0x200011b8   Data         752  usbd_conf.o(.bss)
    __libspace_start                         0x200014a8   Data          96  libspace.o(.bss)
    __temporary_stack_top$libspace           0x20001508   Data           0  libspace.o(.bss)



==============================================================================

Memory Map of the image

  Image Entry point : 0x080000ed

  Load Region LR_IROM1 (Base: 0x08000000, Size: 0x00008db8, Max: 0x00010000, ABSOLUTE, COMPRESSED[0x00008ce0])

    Execution Region ER_IROM1 (Base: 0x08000000, Size: 0x00008c20, Max: 0x00010000, ABSOLUTE)

    Base Addr    Size         Type   Attr      Idx    E Section Name        Object

    0x08000000   0x000000ec   Data   RO            3    RESET               startup_stm32f103xb.o
    0x080000ec   0x00000008   Code   RO         2998  * !!!main             c_w.l(__main.o)
    0x080000f4   0x00000034   Code   RO         3156    !!!scatter          c_w.l(__scatter.o)
    0x08000128   0x0000005a   Code   RO         3154    !!dczerorl2         c_w.l(__dczerorl2.o)
    0x08000182   0x00000002   PAD
    0x08000184   0x0000001c   Code   RO         3158    !!handler_zi        c_w.l(__scatter_zi.o)
    0x080001a0   0x00000002   Code   RO         3025    .ARM.Collect$$libinit$$00000000  c_w.l(libinit.o)
    0x080001a2   0x00000000   Code   RO         3032    .ARM.Collect$$libinit$$00000002  c_w.l(libinit2.o)
    0x080001a2   0x00000000   Code   RO         3034    .ARM.Collect$$libinit$$00000004  c_w.l(libinit2.o)
    0x080001a2   0x00000000   Code   RO         3037    .ARM.Collect$$libinit$$0000000A  c_w.l(libinit2.o)
    0x080001a2   0x00000000   Code   RO         3039    .ARM.Collect$$libinit$$0000000C  c_w.l(libinit2.o)
    0x080001a2   0x00000000   Code   RO         3041    .ARM.Collect$$libinit$$0000000E  c_w.l(libinit2.o)
    0x080001a2   0x00000000   Code   RO         3044    .ARM.Collect$$libinit$$00000011  c_w.l(libinit2.o)
    0x080001a2   0x00000000   Code   RO         3046    .ARM.Collect$$libinit$$00000013  c_w.l(libinit2.o)
    0x080001a2   0x00000000   Code   RO         3048    .ARM.Collect$$libinit$$00000015  c_w.l(libinit2.o)
    0x080001a2   0x00000000   Code   RO         3050    .ARM.Collect$$libinit$$00000017  c_w.l(libinit2.o)
    0x080001a2   0x00000000   Code   RO         3052    .ARM.Collect$$libinit$$00000019  c_w.l(libinit2.o)
    0x080001a2   0x00000000   Code   RO         3054    .ARM.Collect$$libinit$$0000001B  c_w.l(libinit2.o)
    0x080001a2   0x00000000   Code   RO         3056    .ARM.Collect$$libinit$$0000001D  c_w.l(libinit2.o)
    0x080001a2   0x00000000   Code   RO         3058    .ARM.Collect$$libinit$$0000001F  c_w.l(libinit2.o)
    0x080001a2   0x00000000   Code   RO         3060    .ARM.Collect$$libinit$$00000021  c_w.l(libinit2.o)
    0x080001a2   0x00000000   Code   RO         3062    .ARM.Collect$$libinit$$00000023  c_w.l(libinit2.o)
    0x080001a2   0x00000000   Code   RO         3064    .ARM.Collect$$libinit$$00000025  c_w.l(libinit2.o)
    0x080001a2   0x00000000   Code   RO         3068    .ARM.Collect$$libinit$$0000002C  c_w.l(libinit2.o)
    0x080001a2   0x00000000   Code   RO         3070    .ARM.Collect$$libinit$$0000002E  c_w.l(libinit2.o)
    0x080001a2   0x00000000   Code   RO         3072    .ARM.Collect$$libinit$$00000030  c_w.l(libinit2.o)
    0x080001a2   0x00000000   Code   RO         3074    .ARM.Collect$$libinit$$00000032  c_w.l(libinit2.o)
    0x080001a2   0x00000002   Code   RO         3075    .ARM.Collect$$libinit$$00000033  c_w.l(libinit2.o)
    0x080001a4   0x00000002   Code   RO         3095    .ARM.Collect$$libshutdown$$00000000  c_w.l(libshutdown.o)
    0x080001a6   0x00000000   Code   RO         3109    .ARM.Collect$$libshutdown$$00000003  c_w.l(libshutdown2.o)
    0x080001a6   0x00000000   Code   RO         3112    .ARM.Collect$$libshutdown$$00000006  c_w.l(libshutdown2.o)
    0x080001a6   0x00000000   Code   RO         3115    .ARM.Collect$$libshutdown$$00000009  c_w.l(libshutdown2.o)
    0x080001a6   0x00000000   Code   RO         3117    .ARM.Collect$$libshutdown$$0000000B  c_w.l(libshutdown2.o)
    0x080001a6   0x00000000   Code   RO         3120    .ARM.Collect$$libshutdown$$0000000E  c_w.l(libshutdown2.o)
    0x080001a6   0x00000002   Code   RO         3121    .ARM.Collect$$libshutdown$$0000000F  c_w.l(libshutdown2.o)
    0x080001a8   0x00000000   Code   RO         3000    .ARM.Collect$$rtentry$$00000000  c_w.l(__rtentry.o)
    0x080001a8   0x00000000   Code   RO         3002    .ARM.Collect$$rtentry$$00000002  c_w.l(__rtentry2.o)
    0x080001a8   0x00000006   Code   RO         3014    .ARM.Collect$$rtentry$$00000004  c_w.l(__rtentry4.o)
    0x080001ae   0x00000000   Code   RO         3004    .ARM.Collect$$rtentry$$00000009  c_w.l(__rtentry2.o)
    0x080001ae   0x00000004   Code   RO         3005    .ARM.Collect$$rtentry$$0000000A  c_w.l(__rtentry2.o)
    0x080001b2   0x00000000   Code   RO         3007    .ARM.Collect$$rtentry$$0000000C  c_w.l(__rtentry2.o)
    0x080001b2   0x00000008   Code   RO         3008    .ARM.Collect$$rtentry$$0000000D  c_w.l(__rtentry2.o)
    0x080001ba   0x00000002   Code   RO         3029    .ARM.Collect$$rtexit$$00000000  c_w.l(rtexit.o)
    0x080001bc   0x00000000   Code   RO         3077    .ARM.Collect$$rtexit$$00000002  c_w.l(rtexit2.o)
    0x080001bc   0x00000004   Code   RO         3078    .ARM.Collect$$rtexit$$00000003  c_w.l(rtexit2.o)
    0x080001c0   0x00000006   Code   RO         3079    .ARM.Collect$$rtexit$$00000004  c_w.l(rtexit2.o)
    0x080001c6   0x00000002   PAD
    0x080001c8   0x00000040   Code   RO            4    .text               startup_stm32f103xb.o
    0x08000208   0x00000064   Code   RO         2992    .text               c_w.l(rt_memcpy_w.o)
    0x0800026c   0x0000004e   Code   RO         2994    .text               c_w.l(rt_memclr_w.o)
    0x080002ba   0x00000006   Code   RO         2996    .text               c_w.l(heapauxi.o)
    0x080002c0   0x0000004a   Code   RO         3016    .text               c_w.l(sys_stackheap_outer.o)
    0x0800030a   0x0000000c   Code   RO         3018    .text               c_w.l(exit.o)
    0x08000316   0x00000002   PAD
    0x08000318   0x00000008   Code   RO         3026    .text               c_w.l(libspace.o)
    0x08000320   0x0000000c   Code   RO         3087    .text               c_w.l(sys_exit.o)
    0x0800032c   0x00000002   Code   RO         3098    .text               c_w.l(use_no_semi.o)
    0x0800032e   0x00000000   Code   RO         3100    .text               c_w.l(indicate_semi.o)
    0x0800032e   0x0000005c   Code   RO         1857    i.ADC_ConversionStop_Disable  stm32f1xx_hal_adc.o
    0x0800038a   0x00000052   Code   RO         1858    i.ADC_DMAConvCplt   stm32f1xx_hal_adc.o
    0x080003dc   0x0000001e   Code   RO         1859    i.ADC_DMAError      stm32f1xx_hal_adc.o
    0x080003fa   0x0000000e   Code   RO         1860    i.ADC_DMAHalfConvCplt  stm32f1xx_hal_adc.o
    0x08000408   0x00000090   Code   RO         1861    i.ADC_Enable        stm32f1xx_hal_adc.o
    0x08000498   0x00000004   Code   RO          217    i.BusFault_Handler  stm32f1xx_it.o
    0x0800049c   0x00000008   Code   RO         2328    i.CDC_Control_FS    usbd_cdc_if.o
    0x080004a4   0x00000004   Code   RO         2329    i.CDC_DeInit_FS     usbd_cdc_if.o
    0x080004a8   0x00000024   Code   RO         2330    i.CDC_Init_FS       usbd_cdc_if.o
    0x080004cc   0x00000018   Code   RO         2331    i.CDC_Receive_FS    usbd_cdc_if.o
    0x080004e4   0x0000002c   Code   RO         2332    i.CDC_Transmit_FS   usbd_cdc_if.o
    0x08000510   0x00000010   Code   RO          218    i.DMA1_Channel1_IRQHandler  stm32f1xx_it.o
    0x08000520   0x0000002c   Code   RO         1234    i.DMA_SetConfig     stm32f1xx_hal_dma.o
    0x0800054c   0x00000002   Code   RO          219    i.DebugMon_Handler  stm32f1xx_it.o
    0x0800054e   0x00000006   Code   RO           13    i.Error_Handler     main.o
    0x08000554   0x00000038   Code   RO         2237    i.Get_SerialNum     usbd_desc.o
    0x0800058c   0x00000160   Code   RO         1863    i.HAL_ADC_ConfigChannel  stm32f1xx_hal_adc.o
    0x080006ec   0x00000002   Code   RO         1864    i.HAL_ADC_ConvCpltCallback  stm32f1xx_hal_adc.o
    0x080006ee   0x00000002   Code   RO         1865    i.HAL_ADC_ConvHalfCpltCallback  stm32f1xx_hal_adc.o
    0x080006f0   0x00000002   Code   RO         1867    i.HAL_ADC_ErrorCallback  stm32f1xx_hal_adc.o
    0x080006f2   0x00000002   PAD
    0x080006f4   0x00000144   Code   RO         1872    i.HAL_ADC_Init      stm32f1xx_hal_adc.o
    0x08000838   0x000000ac   Code   RO          312    i.HAL_ADC_MspInit   stm32f1xx_hal_msp.o
    0x080008e4   0x00000180   Code   RO         1876    i.HAL_ADC_PollForConversion  stm32f1xx_hal_adc.o
    0x08000a64   0x00000180   Code   RO         1879    i.HAL_ADC_Start_DMA  stm32f1xx_hal_adc.o
    0x08000be4   0x0000019c   Code   RO         1240    i.HAL_DMA_IRQHandler  stm32f1xx_hal_dma.o
    0x08000d80   0x00000068   Code   RO         1241    i.HAL_DMA_Init      stm32f1xx_hal_dma.o
    0x08000de8   0x0000009c   Code   RO         1245    i.HAL_DMA_Start_IT  stm32f1xx_hal_dma.o
    0x08000e84   0x00000320   Code   RO         1171    i.HAL_GPIO_Init     stm32f1xx_hal_gpio.o
    0x080011a4   0x00000010   Code   RO         1173    i.HAL_GPIO_ReadPin  stm32f1xx_hal_gpio.o
    0x080011b4   0x0000000c   Code   RO         1175    i.HAL_GPIO_WritePin  stm32f1xx_hal_gpio.o
    0x080011c0   0x0000000c   Code   RO          860    i.HAL_GetTick       stm32f1xx_hal.o
    0x080011cc   0x00000018   Code   RO          866    i.HAL_IncTick       stm32f1xx_hal.o
    0x080011e4   0x00000028   Code   RO          867    i.HAL_Init          stm32f1xx_hal.o
    0x0800120c   0x0000004c   Code   RO          868    i.HAL_InitTick      stm32f1xx_hal.o
    0x08001258   0x00000054   Code   RO          313    i.HAL_MspInit       stm32f1xx_hal_msp.o
    0x080012ac   0x00000020   Code   RO         1331    i.HAL_NVIC_EnableIRQ  stm32f1xx_hal_cortex.o
    0x080012cc   0x0000007c   Code   RO         1337    i.HAL_NVIC_SetPriority  stm32f1xx_hal_cortex.o
    0x08001348   0x00000028   Code   RO         1338    i.HAL_NVIC_SetPriorityGrouping  stm32f1xx_hal_cortex.o
    0x08001370   0x00000044   Code   RO          623    i.HAL_PCDEx_PMAConfig  stm32f1xx_hal_pcd_ex.o
    0x080013b4   0x00000002   Code   RO         2380    i.HAL_PCDEx_SetConnectionState  usbd_conf.o
    0x080013b6   0x00000012   Code   RO         2382    i.HAL_PCD_DataInStageCallback  usbd_conf.o
    0x080013c8   0x00000014   Code   RO         2383    i.HAL_PCD_DataOutStageCallback  usbd_conf.o
    0x080013dc   0x0000006a   Code   RO          394    i.HAL_PCD_EP_Close  stm32f1xx_hal_pcd.o
    0x08001446   0x0000007c   Code   RO          395    i.HAL_PCD_EP_ClrStall  stm32f1xx_hal_pcd.o
    0x080014c2   0x00000158   Code   RO          396    i.HAL_PCD_EP_DB_Receive  stm32f1xx_hal_pcd.o
    0x0800161a   0x0000053e   Code   RO          397    i.HAL_PCD_EP_DB_Transmit  stm32f1xx_hal_pcd.o
    0x08001b58   0x00000016   Code   RO          399    i.HAL_PCD_EP_GetRxCount  stm32f1xx_hal_pcd.o
    0x08001b6e   0x00000084   Code   RO          400    i.HAL_PCD_EP_Open   stm32f1xx_hal_pcd.o
    0x08001bf2   0x0000003c   Code   RO          401    i.HAL_PCD_EP_Receive  stm32f1xx_hal_pcd.o
    0x08001c2e   0x00000088   Code   RO          402    i.HAL_PCD_EP_SetStall  stm32f1xx_hal_pcd.o
    0x08001cb6   0x00000046   Code   RO          403    i.HAL_PCD_EP_Transmit  stm32f1xx_hal_pcd.o
    0x08001cfc   0x000001cc   Code   RO          405    i.HAL_PCD_IRQHandler  stm32f1xx_hal_pcd.o
    0x08001ec8   0x0000014a   Code   RO          408    i.HAL_PCD_Init      stm32f1xx_hal_pcd.o
    0x08002012   0x00000002   PAD
    0x08002014   0x0000004c   Code   RO         2388    i.HAL_PCD_MspInit   usbd_conf.o
    0x08002060   0x00000026   Code   RO         2389    i.HAL_PCD_ResetCallback  usbd_conf.o
    0x08002086   0x00000008   Code   RO         2390    i.HAL_PCD_ResumeCallback  usbd_conf.o
    0x0800208e   0x00000008   Code   RO         2391    i.HAL_PCD_SOFCallback  usbd_conf.o
    0x08002096   0x00000036   Code   RO          414    i.HAL_PCD_SetAddress  stm32f1xx_hal_pcd.o
    0x080020cc   0x0000000e   Code   RO         2392    i.HAL_PCD_SetupStageCallback  usbd_conf.o
    0x080020da   0x0000003c   Code   RO          416    i.HAL_PCD_Start     stm32f1xx_hal_pcd.o
    0x08002116   0x00000002   PAD
    0x08002118   0x00000024   Code   RO         2393    i.HAL_PCD_SuspendCallback  usbd_conf.o
    0x0800213c   0x00000100   Code   RO         1132    i.HAL_RCCEx_GetPeriphCLKFreq  stm32f1xx_hal_rcc_ex.o
    0x0800223c   0x00000130   Code   RO         1133    i.HAL_RCCEx_PeriphCLKConfig  stm32f1xx_hal_rcc_ex.o
    0x0800236c   0x0000018c   Code   RO         1024    i.HAL_RCC_ClockConfig  stm32f1xx_hal_rcc.o
    0x080024f8   0x0000000c   Code   RO         1029    i.HAL_RCC_GetHCLKFreq  stm32f1xx_hal_rcc.o
    0x08002504   0x00000020   Code   RO         1032    i.HAL_RCC_GetPCLK2Freq  stm32f1xx_hal_rcc.o
    0x08002524   0x00000074   Code   RO         1033    i.HAL_RCC_GetSysClockFreq  stm32f1xx_hal_rcc.o
    0x08002598   0x00000464   Code   RO         1036    i.HAL_RCC_OscConfig  stm32f1xx_hal_rcc.o
    0x080029fc   0x00000034   Code   RO         1342    i.HAL_SYSTICK_Config  stm32f1xx_hal_cortex.o
    0x08002a30   0x00000004   Code   RO          220    i.HardFault_Handler  stm32f1xx_it.o
    0x08002a34   0x0000003e   Code   RO         2238    i.IntToUnicode      usbd_desc.o
    0x08002a72   0x00000002   PAD
    0x08002a74   0x000000a0   Code   RO           14    i.MX_ADC1_Init      main.o
    0x08002b14   0x00000034   Code   RO           15    i.MX_DMA_Init       main.o
    0x08002b48   0x00000124   Code   RO           16    i.MX_GPIO_Init      main.o
    0x08002c6c   0x00000054   Code   RO         2206    i.MX_USB_DEVICE_Init  usb_device.o
    0x08002cc0   0x00000004   Code   RO          221    i.MemManage_Handler  stm32f1xx_it.o
    0x08002cc4   0x00000004   Code   RO          222    i.NMI_Handler       stm32f1xx_it.o
    0x08002cc8   0x000004f2   Code   RO          420    i.PCD_EP_ISR_Handler  stm32f1xx_hal_pcd.o
    0x080031ba   0x00000002   Code   RO          223    i.PendSV_Handler    stm32f1xx_it.o
    0x080031bc   0x00000028   Code   RO         1037    i.RCC_Delay         stm32f1xx_hal_rcc.o
    0x080031e4   0x00000080   Code   RO           17    i.ReadDejitteredKeyStat  main.o
    0x08003264   0x0000013c   Code   RO           18    i.ReadKeyStatus     main.o
    0x080033a0   0x00000002   Code   RO          224    i.SVC_Handler       stm32f1xx_it.o
    0x080033a2   0x00000008   Code   RO          225    i.SysTick_Handler   stm32f1xx_it.o
    0x080033aa   0x00000088   Code   RO           19    i.SystemClock_Config  main.o
    0x08003432   0x00000002   Code   RO         2170    i.SystemInit        system_stm32f1xx.o
    0x08003434   0x0000004a   Code   RO         2885    i.USBD_CDC_DataIn   usbd_cdc.o
    0x0800347e   0x00000030   Code   RO         2886    i.USBD_CDC_DataOut  usbd_cdc.o
    0x080034ae   0x00000046   Code   RO         2887    i.USBD_CDC_DeInit   usbd_cdc.o
    0x080034f4   0x0000002a   Code   RO         2888    i.USBD_CDC_EP0_RxReady  usbd_cdc.o
    0x0800351e   0x00000002   PAD
    0x08003520   0x0000000c   Code   RO         2889    i.USBD_CDC_GetDeviceQualifierDescriptor  usbd_cdc.o
    0x0800352c   0x0000000c   Code   RO         2890    i.USBD_CDC_GetFSCfgDesc  usbd_cdc.o
    0x08003538   0x0000000c   Code   RO         2891    i.USBD_CDC_GetHSCfgDesc  usbd_cdc.o
    0x08003544   0x0000000c   Code   RO         2892    i.USBD_CDC_GetOtherSpeedCfgDesc  usbd_cdc.o
    0x08003550   0x000000ac   Code   RO         2893    i.USBD_CDC_Init     usbd_cdc.o
    0x080035fc   0x00000032   Code   RO         2894    i.USBD_CDC_ReceivePacket  usbd_cdc.o
    0x0800362e   0x00000010   Code   RO         2895    i.USBD_CDC_RegisterInterface  usbd_cdc.o
    0x0800363e   0x0000000c   Code   RO         2896    i.USBD_CDC_SetRxBuffer  usbd_cdc.o
    0x0800364a   0x00000010   Code   RO         2897    i.USBD_CDC_SetTxBuffer  usbd_cdc.o
    0x0800365a   0x000000e6   Code   RO         2898    i.USBD_CDC_Setup    usbd_cdc.o
    0x08003740   0x00000038   Code   RO         2899    i.USBD_CDC_TransmitPacket  usbd_cdc.o
    0x08003778   0x0000000e   Code   RO         2592    i.USBD_ClrClassConfig  usbd_core.o
    0x08003786   0x00000026   Code   RO         2730    i.USBD_ClrFeature   usbd_ctlreq.o
    0x080037ac   0x00000010   Code   RO         2825    i.USBD_CtlContinueRx  usbd_ioreq.o
    0x080037bc   0x00000010   Code   RO         2826    i.USBD_CtlContinueSendData  usbd_ioreq.o
    0x080037cc   0x00000018   Code   RO         2731    i.USBD_CtlError     usbd_ctlreq.o
    0x080037e4   0x0000001e   Code   RO         2827    i.USBD_CtlPrepareRx  usbd_ioreq.o
    0x08003802   0x00000016   Code   RO         2828    i.USBD_CtlReceiveStatus  usbd_ioreq.o
    0x08003818   0x0000001a   Code   RO         2829    i.USBD_CtlSendData  usbd_ioreq.o
    0x08003832   0x00000016   Code   RO         2830    i.USBD_CtlSendStatus  usbd_ioreq.o
    0x08003848   0x00000030   Code   RO         2239    i.USBD_FS_ConfigStrDescriptor  usbd_desc.o
    0x08003878   0x0000000c   Code   RO         2240    i.USBD_FS_DeviceDescriptor  usbd_desc.o
    0x08003884   0x00000034   Code   RO         2241    i.USBD_FS_InterfaceStrDescriptor  usbd_desc.o
    0x080038b8   0x0000000c   Code   RO         2242    i.USBD_FS_LangIDStrDescriptor  usbd_desc.o
    0x080038c4   0x00000028   Code   RO         2243    i.USBD_FS_ManufacturerStrDescriptor  usbd_desc.o
    0x080038ec   0x0000003c   Code   RO         2244    i.USBD_FS_ProductStrDescriptor  usbd_desc.o
    0x08003928   0x00000014   Code   RO         2245    i.USBD_FS_SerialStrDescriptor  usbd_desc.o
    0x0800393c   0x00000034   Code   RO         2732    i.USBD_GetConfig    usbd_ctlreq.o
    0x08003970   0x000001aa   Code   RO         2733    i.USBD_GetDescriptor  usbd_ctlreq.o
    0x08003b1a   0x00000018   Code   RO         2734    i.USBD_GetLen       usbd_ctlreq.o
    0x08003b32   0x00000036   Code   RO         2735    i.USBD_GetStatus    usbd_ctlreq.o
    0x08003b68   0x00000044   Code   RO         2736    i.USBD_GetString    usbd_ctlreq.o
    0x08003bac   0x00000024   Code   RO         2394    i.USBD_Get_USB_Status  usbd_conf.o
    0x08003bd0   0x0000002c   Code   RO         2594    i.USBD_Init         usbd_core.o
    0x08003bfc   0x00000012   Code   RO         2395    i.USBD_LL_ClearStallEP  usbd_conf.o
    0x08003c0e   0x00000012   Code   RO         2396    i.USBD_LL_CloseEP   usbd_conf.o
    0x08003c20   0x000000d6   Code   RO         2595    i.USBD_LL_DataInStage  usbd_core.o
    0x08003cf6   0x0000008a   Code   RO         2596    i.USBD_LL_DataOutStage  usbd_core.o
    0x08003d80   0x00000008   Code   RO         2400    i.USBD_LL_GetRxDataSize  usbd_conf.o
    0x08003d88   0x00000084   Code   RO         2401    i.USBD_LL_Init      usbd_conf.o
    0x08003e0c   0x00000022   Code   RO         2402    i.USBD_LL_IsStallEP  usbd_conf.o
    0x08003e2e   0x00000018   Code   RO         2403    i.USBD_LL_OpenEP    usbd_conf.o
    0x08003e46   0x00000012   Code   RO         2404    i.USBD_LL_PrepareReceive  usbd_conf.o
    0x08003e58   0x00000052   Code   RO         2601    i.USBD_LL_Reset     usbd_core.o
    0x08003eaa   0x00000014   Code   RO         2602    i.USBD_LL_Resume    usbd_core.o
    0x08003ebe   0x00000018   Code   RO         2603    i.USBD_LL_SOF       usbd_core.o
    0x08003ed6   0x00000006   Code   RO         2604    i.USBD_LL_SetSpeed  usbd_core.o
    0x08003edc   0x00000012   Code   RO         2405    i.USBD_LL_SetUSBAddress  usbd_conf.o
    0x08003eee   0x0000005e   Code   RO         2605    i.USBD_LL_SetupStage  usbd_core.o
    0x08003f4c   0x00000012   Code   RO         2406    i.USBD_LL_StallEP   usbd_conf.o
    0x08003f5e   0x00000012   Code   RO         2407    i.USBD_LL_Start     usbd_conf.o
    0x08003f70   0x00000012   Code   RO         2606    i.USBD_LL_Suspend   usbd_core.o
    0x08003f82   0x00000012   Code   RO         2409    i.USBD_LL_Transmit  usbd_conf.o
    0x08003f94   0x00000028   Code   RO         2737    i.USBD_ParseSetupRequest  usbd_ctlreq.o
    0x08003fbc   0x00000012   Code   RO         2607    i.USBD_RegisterClass  usbd_core.o
    0x08003fce   0x00000004   Code   RO         2608    i.USBD_RunTestMode  usbd_core.o
    0x08003fd2   0x00000058   Code   RO         2738    i.USBD_SetAddress   usbd_ctlreq.o
    0x0800402a   0x00000018   Code   RO         2609    i.USBD_SetClassConfig  usbd_core.o
    0x08004042   0x00000002   PAD
    0x08004044   0x000000cc   Code   RO         2739    i.USBD_SetConfig    usbd_ctlreq.o
    0x08004110   0x00000010   Code   RO         2740    i.USBD_SetFeature   usbd_ctlreq.o
    0x08004120   0x0000000a   Code   RO         2610    i.USBD_Start        usbd_core.o
    0x0800412a   0x00000080   Code   RO         2741    i.USBD_StdDevReq    usbd_ctlreq.o
    0x080041aa   0x000001f0   Code   RO         2742    i.USBD_StdEPReq     usbd_ctlreq.o
    0x0800439a   0x00000066   Code   RO         2743    i.USBD_StdItfReq    usbd_ctlreq.o
    0x08004400   0x00000002   Code   RO         2410    i.USBD_static_free  usbd_conf.o
    0x08004402   0x00000002   PAD
    0x08004404   0x00000008   Code   RO         2411    i.USBD_static_malloc  usbd_conf.o
    0x0800440c   0x000004b0   Code   RO          663    i.USB_ActivateEndpoint  stm32f1xx_ll_usb.o
    0x080048bc   0x00000008   Code   RO          666    i.USB_CoreInit      stm32f1xx_ll_usb.o
    0x080048c4   0x0000027c   Code   RO          668    i.USB_DeactivateEndpoint  stm32f1xx_ll_usb.o
    0x08004b40   0x00000006   Code   RO          669    i.USB_DevConnect    stm32f1xx_ll_usb.o
    0x08004b46   0x00000006   Code   RO          670    i.USB_DevDisconnect  stm32f1xx_ll_usb.o
    0x08004b4c   0x00000016   Code   RO          671    i.USB_DevInit       stm32f1xx_ll_usb.o
    0x08004b62   0x00000014   Code   RO          672    i.USB_DisableGlobalInt  stm32f1xx_ll_usb.o
    0x08004b76   0x00000006   Code   RO          673    i.USB_EP0_OutStart  stm32f1xx_ll_usb.o
    0x08004b7c   0x000000da   Code   RO          674    i.USB_EPClearStall  stm32f1xx_ll_usb.o
    0x08004c56   0x0000005c   Code   RO          675    i.USB_EPSetStall    stm32f1xx_ll_usb.o
    0x08004cb2   0x00000a50   Code   RO          676    i.USB_EPStartXfer   stm32f1xx_ll_usb.o
    0x08005702   0x00000012   Code   RO          678    i.USB_EnableGlobalInt  stm32f1xx_ll_usb.o
    0x08005714   0x00000010   Code   RO          226    i.USB_HP_CAN1_TX_IRQHandler  stm32f1xx_it.o
    0x08005724   0x00000010   Code   RO          227    i.USB_LP_CAN1_RX0_IRQHandler  stm32f1xx_it.o
    0x08005734   0x00000008   Code   RO          685    i.USB_ReadInterrupts  stm32f1xx_ll_usb.o
    0x0800573c   0x0000004a   Code   RO          686    i.USB_ReadPMA       stm32f1xx_ll_usb.o
    0x08005786   0x00000006   Code   RO          687    i.USB_SetCurrentMode  stm32f1xx_ll_usb.o
    0x0800578c   0x0000000e   Code   RO          688    i.USB_SetDevAddress  stm32f1xx_ll_usb.o
    0x0800579a   0x00000040   Code   RO          690    i.USB_WritePMA      stm32f1xx_ll_usb.o
    0x080057da   0x00000004   Code   RO          228    i.UsageFault_Handler  stm32f1xx_it.o
    0x080057de   0x00000002   PAD
    0x080057e0   0x000000c8   Code   RO           20    i.WriteKeyStat      main.o
    0x080058a8   0x00000010   Code   RO         1344    i.__NVIC_GetPriorityGrouping  stm32f1xx_hal_cortex.o
    0x080058b8   0x00000028   Code   RO         1345    i.__NVIC_SetPriority  stm32f1xx_hal_cortex.o
    0x080058e0   0x000002d4   Code   RO           21    i.main              main.o
    0x08005bb4   0x00003010   Data   RO           23    .constdata          main.o
    0x08008bc4   0x00000012   Data   RO         1038    .constdata          stm32f1xx_hal_rcc.o
    0x08008bd6   0x00000012   Data   RO         1134    .constdata          stm32f1xx_hal_rcc_ex.o
    0x08008be8   0x00000018   Data   RO         2171    .constdata          system_stm32f1xx.o
    0x08008c00   0x00000020   Data   RO         3152    Region$$Table       anon$$obj.o


    Execution Region RW_IRAM1 (Base: 0x20000000, Size: 0x00001b08, Max: 0x00005000, ABSOLUTE, COMPRESSED[0x000000c0])

    Base Addr    Size         Type   Attr      Idx    E Section Name        Object

    0x20000000   0x00000014   Data   RW           24    .data               main.o
    0x20000014   0x00000009   Data   RW          874    .data               stm32f1xx_hal.o
    0x2000001d   0x00000003   PAD
    0x20000020   0x00000004   Data   RW         2172    .data               system_stm32f1xx.o
    0x20000024   0x0000001c   Data   RW         2247    .data               usbd_desc.o
    0x20000040   0x00000032   Data   RW         2248    .data               usbd_desc.o
    0x20000072   0x00000002   PAD
    0x20000074   0x00000010   Data   RW         2334    .data               usbd_cdc_if.o
    0x20000084   0x00000001   Data   RW         2744    .data               usbd_ctlreq.o
    0x20000085   0x00000003   PAD
    0x20000088   0x000000d7   Data   RW         2900    .data               usbd_cdc.o
    0x2000015f   0x00000001   PAD
    0x20000160   0x00000038   Data   RW         2901    .data               usbd_cdc.o
    0x20000198   0x0000013c   Zero   RW           22    .bss                main.o
    0x200002d4   0x000002c4   Zero   RW         2207    .bss                usb_device.o
    0x20000598   0x00000200   Zero   RW         2246    .bss                usbd_desc.o
    0x20000798   0x00000800   Zero   RW         2333    .bss                usbd_cdc_if.o
    0x20000f98   0x00000510   Zero   RW         2412    .bss                usbd_conf.o
    0x200014a8   0x00000060   Zero   RW         3027    .bss                c_w.l(libspace.o)
    0x20001508   0x00000200   Zero   RW            2    HEAP                startup_stm32f103xb.o
    0x20001708   0x00000400   Zero   RW            1    STACK               startup_stm32f103xb.o


==============================================================================

Image component sizes


      Code (inc. data)   RO Data    RW Data    ZI Data      Debug   Object Name

      2014        112      12304         20        316     427584   main.o
        64         26        236          0       1536        800   startup_stm32f103xb.o
       152         32          0          9          0       5189   stm32f1xx_hal.o
      1812         74          0          0          0       9138   stm32f1xx_hal_adc.o
       304         22          0          0          0      29275   stm32f1xx_hal_cortex.o
       716          8          0          0          0       3371   stm32f1xx_hal_dma.o
       828         34          0          0          0       3247   stm32f1xx_hal_gpio.o
       256         30          0          0          0       1620   stm32f1xx_hal_msp.o
      4506          0          0          0          0      14585   stm32f1xx_hal_pcd.o
        68          0          0          0          0       1126   stm32f1xx_hal_pcd_ex.o
      1720         92         18          0          0       5309   stm32f1xx_hal_rcc.o
       560         38         18          0          0       2317   stm32f1xx_hal_rcc_ex.o
        82         18          0          0          0       5222   stm32f1xx_it.o
      5038          0          0          0          0      18523   stm32f1xx_ll_usb.o
         2          0         24          4          0       1083   system_stm32f1xx.o
        84         18          0          0        708        772   usb_device.o
       834         16          0        271          0      12882   usbd_cdc.o
       116         20          0         16       2048       3236   usbd_cdc_if.o
       590         26          0          0       1296      13873   usbd_conf.o
       710          0          0          0          0       9671   usbd_core.o
      1760         30          0          1          0      10948   usbd_ctlreq.o
       362        110          0         78        512       6445   usbd_desc.o
       132          0          0          0          0       4260   usbd_ioreq.o

    ----------------------------------------------------------------------
     22726        706      12632        408       6416     590476   Object Totals
         0          0         32          0          0          0   (incl. Generated)
        16          0          0          9          0          0   (incl. Padding)

    ----------------------------------------------------------------------

      Code (inc. data)   RO Data    RW Data    ZI Data      Debug   Library Member Name

        90          0          0          0          0          0   __dczerorl2.o
         8          0          0          0          0         68   __main.o
         0          0          0          0          0          0   __rtentry.o
        12          0          0          0          0          0   __rtentry2.o
         6          0          0          0          0          0   __rtentry4.o
        52          8          0          0          0          0   __scatter.o
        28          0          0          0          0          0   __scatter_zi.o
        12          0          0          0          0         72   exit.o
         6          0          0          0          0        152   heapauxi.o
         0          0          0          0          0          0   indicate_semi.o
         2          0          0          0          0          0   libinit.o
         2          0          0          0          0          0   libinit2.o
         2          0          0          0          0          0   libshutdown.o
         2          0          0          0          0          0   libshutdown2.o
         8          4          0          0         96         68   libspace.o
        78          0          0          0          0         80   rt_memclr_w.o
       100          0          0          0          0         80   rt_memcpy_w.o
         2          0          0          0          0          0   rtexit.o
        10          0          0          0          0          0   rtexit2.o
        12          4          0          0          0         68   sys_exit.o
        74          0          0          0          0         80   sys_stackheap_outer.o
         2          0          0          0          0         68   use_no_semi.o

    ----------------------------------------------------------------------
       514         16          0          0         96        736   Library Totals
         6          0          0          0          0          0   (incl. Padding)

    ----------------------------------------------------------------------

      Code (inc. data)   RO Data    RW Data    ZI Data      Debug   Library Name

       508         16          0          0         96        736   c_w.l

    ----------------------------------------------------------------------
       514         16          0          0         96        736   Library Totals

    ----------------------------------------------------------------------

==============================================================================


      Code (inc. data)   RO Data    RW Data    ZI Data      Debug   

     23240        722      12632        408       6512     581900   Grand Totals
     23240        722      12632        192       6512     581900   ELF Image Totals (compressed)
     23240        722      12632        192          0          0   ROM Totals

==============================================================================

    Total RO  Size (Code + RO Data)                35872 (  35.03kB)
    Total RW  Size (RW Data + ZI Data)              6920 (   6.76kB)
    Total ROM Size (Code + RO Data + RW Data)      36064 (  35.22kB)

==============================================================================

